Microchip MPLAB XC8 Compiler V2.30

Linker command line:

-W-3 --edf=C:\Program Files\Microchip\xc8\v2.30\pic\dat\en_msgs.txt -cn \
  -h+dist/default/debug\HornoGrupo8.X.debug.sym \
  --cmf=dist/default/debug\HornoGrupo8.X.debug.cmf -z -Q16F886 \
  -oC:\Users\CARLOS~1\AppData\Local\Temp\s2lsx2 --defsym=__MPLAB_BUILD=1 \
  -Mdist/default/debug/HornoGrupo8.X.debug.map -E1 -ver=XC8 Compiler \
  -ASTACK=0110h-016Fh -pstack=STACK -ACODE=00h-07FFhx4 -ASTRCODE=00h-01FFFh \
  -ASTRING=00h-0FFhx32 -ACONST=00h-0FFhx32 -AENTRY=00h-0FFhx32 \
  -ACOMMON=070h-07Fh -ABANK0=020h-06Fh -ABANK1=0A0h-0EFh \
  -ABANK2=0110h-016Fh -ABANK3=0190h-01EFh \
  -ARAM=020h-06Fh,0A0h-0EFh,0110h-016Fh,0190h-01EFh \
  -AABS1=020h-07Fh,0A0h-0EFh,0110h-016Fh,0190h-01EFh -ASFR0=00h-01Fh \
  -ASFR1=080h-09Fh -ASFR2=0100h-010Fh -ASFR3=0180h-018Fh \
  -ACONFIG=02007h-02008h -DCONFIG=2 -AIDLOC=02000h-02003h -DIDLOC=2 \
  -AEEDATA=00h-0FFh/02100h -peeprom_data=EEDATA -DEEDATA=2 -DCODE=2 \
  -DSTRCODE=2 -DSTRING=2 -DCONST=2 -DENTRY=2 \
  -preset_vec=00h,intentry=04h,init,end_init -ppowerup=CODE -pcinit=CODE \
  -pfunctab=ENTRY -k C:\Users\CARLOS~1\AppData\Local\Temp\s2lsxi.o \
  dist/default/debug\HornoGrupo8.X.debug.o 

Object code version is 3.11

Machine type is 16F886



                Name                               Link     Load   Length Selector   Space Scale
C:\Users\CARLOS~1\AppData\Local\Temp\s2lsxi.o
                end_init                              C        C        3        8       0
                reset_vec                             0        0        3        0       0
                config                             2007     2007        2        0       4
dist/default/debug\HornoGrupo8.X.debug.o
                cinit                                 F        F       11        8       0
                intentry                              4        4        8        8       0
                config                             2007     2007        2        0       4
                text43                             121B     121B       59     2436       0
                text42                             13E3     13E3       8F     27C6       0
                text41                             1000     1000        B     1CA6       0
                text40                             1023     1023       1C     2046       0
                text39                              67B      67B       7E        8       0
                text38                             10A9     10A9       29     2152       0
                text37                              94D      94D       C2     129A       0
                text36                             115F     115F       3A     22BE       0
                text35                             154B     154B       E5     2A96       0
                text34                             1357     1357       8C     26AE       0
                text33                             1FAB     1FAB       13     3F56       0
                text32                             1274     1274       69     24E8       0
                text31                             1128     1128       37     2250       0
                text30                             1F69     1F69        D     3ED2       0
                text29                             1FD2     1FD2       17     3FA4       0
                text28                             11D5     11D5       46     23AA       0
                text27                             1199     1199       3C     2332       0
                text26                             1082     1082       27     2104       0
                text25                             1FBE     1FBE       14     3F7C       0
                text24                              943      943        A     1286       0
                text23                               20       20      65B        8       0
                text22                             1F45     1F45        C     3E8A       0
                text21                             1F51     1F51        C     3EA2       0
                text20                             10D2     10D2       2A     21A4       0
                text19                              E53      E53      1AD     1CA6       0
                text18                             1F5D     1F5D        C     3EBA       0
                text17                             1FE9     1FE9       17     3FD2       0
                text16                             1F76     1F76        D     3EEC       0
                text15                             1F83     1F83        D     3F06       0
                text14                             1F90     1F90        D     3F20       0
                text13                             103F     103F       1E     207E       0
                text12                             12DD     12DD       7A     25BA       0
                text11                              D1D      D1D      136     1A3A       0
                text10                              A0F      A0F       EC     141E       0
                text9                              1472     1472       D9     28E4       0
                text8                              1630     1630       E5     2C60       0
                text7                              105D     105D       25     20BA       0
                text6                               AFB      AFB      10A     15F6       0
                text5                              1715     1715       EB     2E2A       0
                text4                              1F3C     1F3C        9     3E78       0
                text3                              1F9D     1F9D        E     3F3A       0
                text2                              100B     100B       18     2016       0
                text1                              10FC     10FC       2C     21F8       0
                maintext                            C05      C05      118     180A       0
                cstackBANK0                          20       20       4F       20       1
                cstackCOMMON                         70       70        A       70       1
                cstackBANK1                          A0       A0       29       A0       1
                clrtext                            1F34     1F34        8     3E68       0
                bssBANK1                             C9       C9       22       A0       1
                bssCOMMON                            7A       7A        4       70       1
                stringtext                          700      700      243        E       0

TOTAL           Name                               Link     Load   Length     Space
        CLASS   STACK          

        CLASS   CODE           
                end_init                              C        C        3         0
                cinit                                 F        F       11         0
                intentry                              4        4        8         0
                reset_vec                             0        0        3         0
                text43                             121B     121B       59         0
                text42                             13E3     13E3       8F         0
                text41                             1000     1000        B         0
                text40                             1023     1023       1C         0
                text39                              67B      67B       7E         0
                text38                             10A9     10A9       29         0
                text37                              94D      94D       C2         0
                text36                             115F     115F       3A         0
                text35                             154B     154B       E5         0
                text34                             1357     1357       8C         0
                text33                             1FAB     1FAB       13         0
                text32                             1274     1274       69         0
                text31                             1128     1128       37         0
                text30                             1F69     1F69        D         0
                text29                             1FD2     1FD2       17         0
                text28                             11D5     11D5       46         0
                text27                             1199     1199       3C         0
                text26                             1082     1082       27         0
                text25                             1FBE     1FBE       14         0
                text24                              943      943        A         0
                text23                               20       20      65B         0
                text22                             1F45     1F45        C         0
                text21                             1F51     1F51        C         0
                text20                             10D2     10D2       2A         0
                text19                              E53      E53      1AD         0
                text18                             1F5D     1F5D        C         0
                text17                             1FE9     1FE9       17         0
                text16                             1F76     1F76        D         0
                text15                             1F83     1F83        D         0
                text14                             1F90     1F90        D         0
                text13                             103F     103F       1E         0
                text12                             12DD     12DD       7A         0
                text11                              D1D      D1D      136         0
                text10                              A0F      A0F       EC         0
                text9                              1472     1472       D9         0
                text8                              1630     1630       E5         0
                text7                              105D     105D       25         0
                text6                               AFB      AFB      10A         0
                text5                              1715     1715       EB         0
                text4                              1F3C     1F3C        9         0
                text3                              1F9D     1F9D        E         0
                text2                              100B     100B       18         0
                text1                              10FC     10FC       2C         0
                maintext                            C05      C05      118         0
                clrtext                            1F34     1F34        8         0

        CLASS   STRCODE        
                stringtext                          700      700      243         0

        CLASS   STRING         

        CLASS   CONST          

        CLASS   ENTRY          

        CLASS   COMMON         
                cstackCOMMON                         70       70        A         1
                bssCOMMON                            7A       7A        4         1

        CLASS   BANK0          
                cstackBANK0                          20       20       4F         1

        CLASS   BANK1          
                cstackBANK1                          A0       A0       29         1
                bssBANK1                             C9       C9       22         1

        CLASS   BANK2          

        CLASS   BANK3          

        CLASS   RAM            

        CLASS   ABS1           
                abs_s1                               7E       7E        2         1

        CLASS   SFR0           

        CLASS   SFR1           

        CLASS   SFR2           

        CLASS   SFR3           

        CLASS   CONFIG         
                config                             2007     2007        2         4

        CLASS   IDLOC          

        CLASS   EEDATA         



SEGMENTS        Name                           Load    Length   Top    Selector   Space  Class     Delta

                reset_vec                      000000  000003  000003         0       0  CODE        2
                intentry                       000004  0006F5  0006F9         8       0  CODE        2
                cstackBANK0                    000020  00004F  00006F        20       1  BANK0       1
                cstackCOMMON                   000070  00000E  00007E        70       1  COMMON      1
                cstackBANK1                    0000A0  00004B  0000EB        A0       1  BANK1       1
                stringtext                     000700  000243  000943         E       0  STRCODE     2
                text24                         000943  00000A  00094D      1286       0  CODE        2
                text37                         00094D  0000C2  000A0F      129A       0  CODE        2
                text10                         000A0F  0000EC  000AFB      141E       0  CODE        2
                text6                          000AFB  00010A  000C05      15F6       0  CODE        2
                maintext                       000C05  000118  000D1D      180A       0  CODE        2
                text11                         000D1D  000136  000E53      1A3A       0  CODE        2
                text19                         000E53  0001B8  00100B      1CA6       0  CODE        2
                text2                          00100B  000018  001023      2016       0  CODE        2
                text40                         001023  00001C  00103F      2046       0  CODE        2
                text13                         00103F  00001E  00105D      207E       0  CODE        2
                text7                          00105D  000025  001082      20BA       0  CODE        2
                text26                         001082  000027  0010A9      2104       0  CODE        2
                text38                         0010A9  000029  0010D2      2152       0  CODE        2
                text20                         0010D2  00002A  0010FC      21A4       0  CODE        2
                text1                          0010FC  00002C  001128      21F8       0  CODE        2
                text31                         001128  000037  00115F      2250       0  CODE        2
                text36                         00115F  00003A  001199      22BE       0  CODE        2
                text27                         001199  00003C  0011D5      2332       0  CODE        2
                text28                         0011D5  000046  00121B      23AA       0  CODE        2
                text43                         00121B  000059  001274      2436       0  CODE        2
                text32                         001274  000069  0012DD      24E8       0  CODE        2
                text12                         0012DD  00007A  001357      25BA       0  CODE        2
                text34                         001357  00008C  0013E3      26AE       0  CODE        2
                text42                         0013E3  00008F  001472      27C6       0  CODE        2
                text9                          001472  0000D9  00154B      28E4       0  CODE        2
                text35                         00154B  0000E5  001630      2A96       0  CODE        2
                text8                          001630  0000E5  001715      2C60       0  CODE        2
                text5                          001715  0000EB  001800      2E2A       0  CODE        2
                clrtext                        001F34  000008  001F3C      3E68       0  CODE        2
                text4                          001F3C  000009  001F45      3E78       0  CODE        2
                text22                         001F45  00000C  001F51      3E8A       0  CODE        2
                text21                         001F51  00000C  001F5D      3EA2       0  CODE        2
                text18                         001F5D  00000C  001F69      3EBA       0  CODE        2
                text30                         001F69  00000D  001F76      3ED2       0  CODE        2
                text16                         001F76  00000D  001F83      3EEC       0  CODE        2
                text15                         001F83  00000D  001F90      3F06       0  CODE        2
                text14                         001F90  00000D  001F9D      3F20       0  CODE        2
                text3                          001F9D  00000E  001FAB      3F3A       0  CODE        2
                text33                         001FAB  000013  001FBE      3F56       0  CODE        2
                text25                         001FBE  000014  001FD2      3F7C       0  CODE        2
                text29                         001FD2  000017  001FE9      3FA4       0  CODE        2
                text17                         001FE9  000017  002000      3FD2       0  CODE        2


UNUSED ADDRESS RANGES

        Name                Unused          Largest block    Delta
        BANK0            006F-006F              1           1
        BANK1            00EB-00EF              5           1
        BANK2            0110-016F             60           1
        BANK3            0190-01EF             60           1
        CODE             0003-0003              1           2
                         06F9-06FF              7
                         1800-1F33            734
        CONST            0003-0003              1           2
                         06F9-06FF              7
                         1800-1F33            100
        EEDATA           2100-21FF            100           2
        ENTRY            0003-0003              1           2
                         06F9-06FF              7
                         1800-1F33            100
        IDLOC            2000-2003              4           2
        RAM              006F-006F              1           1
                         00EB-00EF              5
                         0110-016F             60
                         0190-01EF             60
        SFR0             0000-001F             20           1
        SFR1             0080-009F             20           1
        SFR2             0100-010F             10           1
        SFR3             0180-018F             10           1
        STACK            0110-016F             60           1
        STRCODE          0003-0003              1           2
                         06F9-06FF              7
                         1800-1F33            734
        STRING           0003-0003              1           2
                         06F9-06FF              7
                         1800-1F33            100

                                  Symbol Table

?___awdiv                           cstackBANK0  0026
?___awmod                           cstackCOMMON 0070
?___awtoft                          cstackBANK0  0028
?___ftadd                           cstackBANK0  002E
?___ftdiv                           cstackBANK0  003B
?___ftmul                           cstackBANK0  004B
?___ftpack                          cstackBANK0  0020
?___ftsub                           cstackBANK0  004B
?___fttol                           cstackBANK0  005B
?___lwdiv                           cstackBANK0  0020
?___lwmod                           cstackBANK0  0028
?___wmul                            cstackBANK0  0020
?_get_humedad                       cstackBANK0  0020
?_get_intensidad_luminosa           cstackBANK0  0020
?_get_lastPotenciometro             cstackBANK0  0020
?_get_tempObjetivo                  cstackBANK0  002F
?_get_temperatura_exterior          cstackBANK0  0020
?_get_temperatura_interior          cstackBANK0  0020
?_get_velocidad_ventilador          cstackBANK0  0069
?_printf                            cstackBANK0  006B
_ADCON0bits                         (abs)        001F
_ADCON1bits                         (abs)        009F
_ADCready                           bssBANK1     00D9
_ADRESH                             (abs)        001E
_ADRESL                             (abs)        009E
_ANSELHbits                         (abs)        0189
_BAUDCTLbits                        (abs)        0187
_CCP1CONbits                        (abs)        0017
_CCPR1L                             (abs)        0015
_Handler                            text42       13E3
_INTCONbits                         (abs)        000B
_OPTION_REGbits                     (abs)        0081
_OSCCON                             (abs)        008F
_PIE1bits                           (abs)        008C
_PIR1bits                           (abs)        000C
_PORTBbits                          (abs)        0006
_PORTCbits                          (abs)        0007
_PR2                                (abs)        0092
_RCSTAbits                          (abs)        0018
_SPBRG                              (abs)        0099
_SPBRGH                             (abs)        009A
_T2CONbits                          (abs)        0012
_TMR0                               (abs)        0001
_TRISBbits                          (abs)        0086
_TRISC                              (abs)        0087
_TRISCbits                          (abs)        0087
_TXIF                               (abs)        0064
_TXREG                              (abs)        0019
_TXSTAbits                          (abs)        0098
__Habs1                             abs1         0000
__Hbank0                            bank0        0000
__Hbank1                            bank1        0000
__Hbank2                            bank2        0000
__Hbank3                            bank3        0000
__HbssBANK1                         bssBANK1     0000
__HbssCOMMON                        bssCOMMON    0000
__Hcinit                            cinit        0020
__Hclrtext                          clrtext      0000
__Hcode                             code         0000
__Hcommon                           common       0000
__Hconfig                           config       2009
__HcstackBANK0                      cstackBANK0  0000
__HcstackBANK1                      cstackBANK1  0000
__HcstackCOMMON                     cstackCOMMON 0000
__Heeprom_data                      eeprom_data  0000
__Hend_init                         end_init     000F
__Hfunctab                          functab      0000
__Hinit                             init         000C
__Hintentry                         intentry     000C
__Hmaintext                         maintext     0000
__Hpowerup                          powerup      0000
__Hram                              ram          0000
__Hreset_vec                        reset_vec    0003
__Hsfr0                             sfr0         0000
__Hsfr1                             sfr1         0000
__Hsfr2                             sfr2         0000
__Hsfr3                             sfr3         0000
__Hspace_0                          (abs)        2000
__Hspace_1                          (abs)        00EB
__Hspace_2                          (abs)        0000
__Hspace_3                          (abs)        0000
__Hspace_4                          (abs)        4010
__Hstack                            stack        0000
__Hstrings                          strings      0000
__Hstringtext                       stringtext   0000
__Htext                             text         0000
__Labs1                             abs1         0000
__Lbank0                            bank0        0000
__Lbank1                            bank1        0000
__Lbank2                            bank2        0000
__Lbank3                            bank3        0000
__LbssBANK1                         bssBANK1     0000
__LbssCOMMON                        bssCOMMON    0000
__Lcinit                            cinit        000F
__Lclrtext                          clrtext      0000
__Lcode                             code         0000
__Lcommon                           common       0000
__Lconfig                           config       0000
__LcstackBANK0                      cstackBANK0  0000
__LcstackBANK1                      cstackBANK1  0000
__LcstackCOMMON                     cstackCOMMON 0000
__Leeprom_data                      eeprom_data  0000
__Lend_init                         end_init     000C
__Lfunctab                          functab      0000
__Linit                             init         000C
__Lintentry                         intentry     0004
__Lmaintext                         maintext     0000
__Lpowerup                          powerup      0000
__Lram                              ram          0000
__Lreset_vec                        reset_vec    0000
__Lsfr0                             sfr0         0000
__Lsfr1                             sfr1         0000
__Lsfr2                             sfr2         0000
__Lsfr3                             sfr3         0000
__Lspace_0                          (abs)        0000
__Lspace_1                          (abs)        0000
__Lspace_2                          (abs)        0000
__Lspace_3                          (abs)        0000
__Lspace_4                          (abs)        0000
__Lstack                            stack        0000
__Lstrings                          strings      0000
__Lstringtext                       stringtext   0000
__Ltext                             text         0000
__S0                                (abs)        2000
__S1                                (abs)        00EB
__S2                                (abs)        0000
__S3                                (abs)        0000
___awdiv                            text32       1274
___awdiv@counter                    cstackBANK0  002B
___awdiv@dividend                   cstackBANK0  0028
___awdiv@divisor                    cstackBANK0  0026
___awdiv@quotient                   cstackBANK0  002D
___awdiv@sign                       cstackBANK0  002C
___awmod                            text43       121B
___awmod@counter                    cstackCOMMON 0075
___awmod@dividend                   cstackCOMMON 0072
___awmod@divisor                    cstackCOMMON 0070
___awmod@sign                       cstackCOMMON 0076
___awtoft                           text38       10A9
___awtoft@c                         cstackBANK0  0028
___awtoft@sign                      cstackBANK0  002D
___bmul                             text29       1FD2
___bmul@multiplicand                cstackBANK0  0020
___bmul@multiplier                  cstackBANK0  0023
___bmul@product                     cstackBANK0  0022
___ftadd                            text11       0D1D
___ftadd@exp1                       cstackBANK0  003A
___ftadd@exp2                       cstackBANK0  0039
___ftadd@f1                         cstackBANK0  002E
___ftadd@f2                         cstackBANK0  0031
___ftadd@sign                       cstackBANK0  0038
___ftdiv                            text37       094D
___ftdiv@cntr                       cstackBANK0  0045
___ftdiv@exp                        cstackBANK0  0049
___ftdiv@f1                         cstackBANK0  003E
___ftdiv@f2                         cstackBANK0  003B
___ftdiv@f3                         cstackBANK0  0046
___ftdiv@sign                       cstackBANK0  004A
___ftge                             text36       115F
___ftge@ff1                         cstackBANK0  002E
___ftge@ff2                         cstackBANK0  0031
___ftmul                            text35       154B
___ftmul@cntr                       cstackBANK0  0059
___ftmul@exp                        cstackBANK0  0055
___ftmul@f1                         cstackBANK0  004B
___ftmul@f2                         cstackBANK0  004E
___ftmul@f3_as_product              cstackBANK0  0056
___ftmul@sign                       cstackBANK0  005A
___ftpack                           text39       067B
___ftpack@arg                       cstackBANK0  0020
___ftpack@exp                       cstackBANK0  0023
___ftpack@sign                      cstackBANK0  0024
___ftsub                            text7        105D
___ftsub@f1                         cstackBANK0  004E
___ftsub@f2                         cstackBANK0  004B
___fttol                            text34       1357
___fttol@exp1                       cstackBANK0  0068
___fttol@f1                         cstackBANK0  005B
___fttol@lval                       cstackBANK0  0064
___fttol@sign1                      cstackBANK0  0063
___int_sp                           stack        0000
___latbits                          (abs)        0002
___lwdiv                            text28       11D5
___lwdiv@counter                    cstackBANK0  0027
___lwdiv@dividend                   cstackBANK0  0022
___lwdiv@divisor                    cstackBANK0  0020
___lwdiv@quotient                   cstackBANK0  0025
___lwmod                            text27       1199
___lwmod@counter                    cstackBANK0  002D
___lwmod@dividend                   cstackBANK0  002A
___lwmod@divisor                    cstackBANK0  0028
___sp                               stack        0000
___stackhi                          (abs)        0000
___stacklo                          (abs)        0000
___wmul                             text26       1082
___wmul@multiplicand                cstackBANK0  0022
___wmul@multiplier                  cstackBANK0  0020
___wmul@product                     cstackBANK0  0024
__end_of_Handler                    text42       1472
__end_of___awdiv                    text32       12DD
__end_of___awmod                    text43       1274
__end_of___awtoft                   text38       10D2
__end_of___bmul                     text29       1FE9
__end_of___ftadd                    text11       0E53
__end_of___ftdiv                    text37       0A0F
__end_of___ftge                     text36       1199
__end_of___ftmul                    text35       1630
__end_of___ftpack                   text39       06F9
__end_of___ftsub                    text7        1082
__end_of___fttol                    text34       13E3
__end_of___lwdiv                    text28       121B
__end_of___lwmod                    text27       11D5
__end_of___wmul                     text26       10A9
__end_of__initialization            cinit        001C
__end_of__stringtab                 stringtext   0712
__end_of_dpowers                    stringtext   0728
__end_of_get_humedad                text16       1F83
__end_of_get_intensidad_luminosa    text15       1F90
__end_of_get_lastPotenciometro      text33       1FBE
__end_of_get_tempObjetivo           text31       115F
__end_of_get_temperatura_exterior   text14       1F9D
__end_of_get_temperatura_interior   text30       1F76
__end_of_get_velocidad_ventilador   text13       105D
__end_of_hexpowers                  stringtext   0730
__end_of_init_PWM_CCP1              text4        1F45
__end_of_init_timer0                text41       100B
__end_of_init_timer2                text3        1FAB
__end_of_init_uart                  text40       103F
__end_of_isdigit                    text25       1FD2
__end_of_logica_Actuadores          text19       1000
__end_of_main                       maintext     0D1D
__end_of_mensajeBienvenida          text18       1F69
__end_of_mostrarConsigna            text17       2000
__end_of_mostrarDatos               text12       1357
__end_of_octpowers                  stringtext   071E
__end_of_printf                     text23       067B
__end_of_putch                      text24       094D
__end_of_read_humedad               text10       0AFB
__end_of_read_intensidad_lumninosa  text9        154B
__end_of_read_potenciometro         text8        1715
__end_of_read_temperatura_exterior  text6        0C05
__end_of_read_temperatura_interior  text5        1800
__end_of_set_Calefactor             text22       1F51
__end_of_set_Refrigerador           text21       1F5D
__end_of_set_Ventilador             text20       10FC
__end_of_set_up_Actuadores          text2        1023
__end_of_set_up_Sensores            text1        1128
__initialization                    cinit        000F
__pbssBANK1                         bssBANK1     00C9
__pbssCOMMON                        bssCOMMON    007A
__pcstackBANK0                      cstackBANK0  0020
__pcstackBANK1                      cstackBANK1  00A0
__pcstackCOMMON                     cstackCOMMON 0070
__pintentry                         intentry     0004
__pmaintext                         maintext     0C05
__pstringtext                       stringtext   0700
__ptext1                            text1        10FC
__ptext10                           text10       0A0F
__ptext11                           text11       0D1D
__ptext12                           text12       12DD
__ptext13                           text13       103F
__ptext14                           text14       1F90
__ptext15                           text15       1F83
__ptext16                           text16       1F76
__ptext17                           text17       1FE9
__ptext18                           text18       1F5D
__ptext19                           text19       0E53
__ptext2                            text2        100B
__ptext20                           text20       10D2
__ptext21                           text21       1F51
__ptext22                           text22       1F45
__ptext23                           text23       0020
__ptext24                           text24       0943
__ptext25                           text25       1FBE
__ptext26                           text26       1082
__ptext27                           text27       1199
__ptext28                           text28       11D5
__ptext29                           text29       1FD2
__ptext3                            text3        1F9D
__ptext30                           text30       1F69
__ptext31                           text31       1128
__ptext32                           text32       1274
__ptext33                           text33       1FAB
__ptext34                           text34       1357
__ptext35                           text35       154B
__ptext36                           text36       115F
__ptext37                           text37       094D
__ptext38                           text38       10A9
__ptext39                           text39       067B
__ptext4                            text4        1F3C
__ptext40                           text40       1023
__ptext41                           text41       1000
__ptext42                           text42       13E3
__ptext43                           text43       121B
__ptext5                            text5        1715
__ptext6                            text6        0AFB
__ptext7                            text7        105D
__ptext8                            text8        1630
__ptext9                            text9        1472
__size_of_Handler                   (abs)        0000
__size_of___awdiv                   (abs)        0000
__size_of___awmod                   (abs)        0000
__size_of___awtoft                  (abs)        0000
__size_of___bmul                    (abs)        0000
__size_of___ftadd                   (abs)        0000
__size_of___ftdiv                   (abs)        0000
__size_of___ftge                    (abs)        0000
__size_of___ftmul                   (abs)        0000
__size_of___ftpack                  (abs)        0000
__size_of___ftsub                   (abs)        0000
__size_of___fttol                   (abs)        0000
__size_of___lwdiv                   (abs)        0000
__size_of___lwmod                   (abs)        0000
__size_of___wmul                    (abs)        0000
__size_of_get_humedad               (abs)        0000
__size_of_get_intensidad_luminosa   (abs)        0000
__size_of_get_lastPotenciometro     (abs)        0000
__size_of_get_tempObjetivo          (abs)        0000
__size_of_get_temperatura_exterior  (abs)        0000
__size_of_get_temperatura_interior  (abs)        0000
__size_of_get_velocidad_ventilador  (abs)        0000
__size_of_init_PWM_CCP1             (abs)        0000
__size_of_init_timer0               (abs)        0000
__size_of_init_timer2               (abs)        0000
__size_of_init_uart                 (abs)        0000
__size_of_isdigit                   (abs)        0000
__size_of_logica_Actuadores         (abs)        0000
__size_of_main                      (abs)        0000
__size_of_mensajeBienvenida         (abs)        0000
__size_of_mostrarConsigna           (abs)        0000
__size_of_mostrarDatos              (abs)        0000
__size_of_printf                    (abs)        0000
__size_of_putch                     (abs)        0000
__size_of_read_humedad              (abs)        0000
__size_of_read_intensidad_lumninosa (abs)        0000
__size_of_read_potenciometro        (abs)        0000
__size_of_read_temperatura_exterior (abs)        0000
__size_of_read_temperatura_interior (abs)        0000
__size_of_set_Calefactor            (abs)        0000
__size_of_set_Refrigerador          (abs)        0000
__size_of_set_Ventilador            (abs)        0000
__size_of_set_up_Actuadores         (abs)        0000
__size_of_set_up_Sensores           (abs)        0000
__stringbase                        stringtext   0712
__stringtab                         stringtext   0700
_cont                               bssCOMMON    007A
_diferencia                         bssBANK1     00E9
_dpowers                            stringtext   071E
_errorMaximo                        bssBANK1     00CC
_estadoActual                       bssBANK1     00E8
_estadoInterrupcion                 bssBANK1     00E7
_get_humedad                        text16       1F76
_get_intensidad_luminosa            text15       1F83
_get_lastPotenciometro              text33       1FAB
_get_tempObjetivo                   text31       1128
_get_temperatura_exterior           text14       1F90
_get_temperatura_interior           text30       1F69
_get_velocidad_ventilador           text13       103F
_hexpowers                          stringtext   0728
_humedad                            bssBANK1     00E1
_init_PWM_CCP1                      text4        1F3C
_init_timer0                        text41       1000
_init_timer2                        text3        1F9D
_init_uart                          text40       1023
_isdigit                            text25       1FBE
_isdigit$1201                       cstackBANK0  0020
_lastPotenciometro                  bssBANK1     00D2
_logica_Actuadores                  text19       0E53
_lum                                bssBANK1     00DF
_main                               maintext     0C05
_mensajeBienvenida                  text18       1F5D
_mostrarConsigna                    text17       1FE9
_mostrarDatos                       text12       12DD
_numeroLecturas                     bssBANK1     00DB
_octpowers                          stringtext   0712
_printf                             text23       0020
_printf$982                         cstackBANK1  00A3
_printf$983                         cstackBANK1  00A5
_printf$989                         cstackBANK1  00A7
_putch                              text24       0943
_read_humedad                       text10       0A0F
_read_humedad$1427                  cstackBANK1  00BB
_read_intensidad_lumninosa          text9        1472
_read_intensidad_lumninosa$1428     cstackBANK1  00BB
_read_potenciometro                 text8        1630
_read_temperatura_exterior          text6        0AFB
_read_temperatura_exterior$1426     cstackBANK1  00C1
_read_temperatura_interior          text5        1715
_read_temperatura_interior$1425     cstackBANK1  00BB
_set_Calefactor                     text22       1F45
_set_Refrigerador                   text21       1F51
_set_Ventilador                     text20       10D2
_set_up_Actuadores                  text2        100B
_set_up_Sensores                    text1        10FC
_sumaLecturas                       bssBANK1     00DD
_tempInt                            bssBANK1     00D7
_tempObj                            bssBANK1     00D5
_tempObjetivo                       bssCOMMON    007C
_tempext                            bssBANK1     00E3
_tempint                            bssBANK1     00E5
_vent                               bssBANK1     00CF
btemp                               (abs)        007E
clear_ram0                          clrtext      1F34
end_of_initialization               cinit        001C
interrupt_function                  intentry     0004
intlevel0                           functab      0000
intlevel1                           functab      0000
intlevel2                           functab      0000
intlevel3                           functab      0000
intlevel4                           functab      0000
intlevel5                           functab      0000
isdigit@c                           cstackBANK0  0021
printf@ap                           cstackBANK1  00AD
printf@c                            cstackBANK1  00B3
printf@cp                           cstackBANK1  00AA
printf@f                            cstackBANK0  006B
printf@flag                         cstackBANK1  00B4
printf@idx                          cstackBANK1  00A9
printf@len                          cstackBANK1  00AB
printf@prec                         cstackBANK1  00B0
printf@val                          cstackBANK1  00AE
printf@width                        cstackBANK1  00B1
putch@c                             cstackBANK0  0020
read_humedad@lectura                cstackBANK1  00BE
read_humedad@lecturaV               cstackBANK1  00B8
read_intensidad_lumninosa@lectura   cstackBANK1  00BE
read_intensidad_lumninosa@lecturaV  cstackBANK1  00B8
read_potenciometro@aux              cstackBANK1  00B8
read_potenciometro@lectura          cstackBANK1  00BA
read_potenciometro@lecturaV         cstackBANK1  00BC
read_temperatura_exterior@Tc        cstackBANK1  00BB
read_temperatura_exterior@V0        cstackBANK1  00B8
read_temperatura_exterior@lectura   cstackBANK1  00C4
read_temperatura_exterior@lecturaV  cstackBANK1  00BE
read_temperatura_interior@lectura   cstackBANK1  00BE
read_temperatura_interior@lecturaV  cstackBANK1  00B8
reset_vec                           reset_vec    0000
saved_w                             (abs)        007E
set_Calefactor@on                   cstackBANK0  0020
set_Refrigerador@on                 cstackBANK0  0020
set_Ventilador@intensidad           cstackBANK0  0069
start                               init         000C
start_initialization                cinit        000F
wtemp0                              (abs)        007E


FUNCTION INFORMATION:

 *************** function _main *****************
 Defined at:
		line 77 in file "controlador3.c"
 Parameters:    Size  Location     Type
		None
 Auto vars:     Size  Location     Type
		None
 Return value:  Size  Location     Type
                  1    wreg      void 
 Registers used:
		wreg, fsr0l, fsr0h, status,2, status,0, btemp+1, pclath, cstack
 Tracked objects:
		On entry : 
		On exit  : 
		Unchanged: 
 Data sizes:     COMMON   BANK0   BANK1   BANK3   BANK2
      Params:         0       0       0       0       0
      Locals:         0       0       0       0       0
      Temps:          0       0       3       0       0
      Totals:         0       0       3       0       0
Total ram usage:        3 bytes
 Hardware stack levels required when called:    6
 This function calls:
		_init_timer0
		_init_uart
		_logica_Actuadores
		_mensajeBienvenida
		_mostrarConsigna
		_mostrarDatos
		_printf
		_read_humedad
		_read_intensidad_lumninosa
		_read_potenciometro
		_read_temperatura_exterior
		_read_temperatura_interior
		_set_up_Actuadores
		_set_up_Sensores
 This function is called by:
		Startup code after reset
 This function uses a non-reentrant model


 *************** function _set_up_Sensores *****************
 Defined at:
		line 14 in file "sensores.c"
 Parameters:    Size  Location     Type
		None
 Auto vars:     Size  Location     Type
		None
 Return value:  Size  Location     Type
                  1    wreg      void 
 Registers used:
		wreg, status,2, status,0
 Tracked objects:
		On entry : 
		On exit  : 
		Unchanged: 
 Data sizes:     COMMON   BANK0   BANK1   BANK3   BANK2
      Params:         0       0       0       0       0
      Locals:         0       0       0       0       0
      Temps:          0       0       0       0       0
      Totals:         0       0       0       0       0
Total ram usage:        0 bytes
 Hardware stack levels used:    1
 Hardware stack levels required when called:    2
 This function calls:
		Nothing
 This function is called by:
		_main
 This function uses a non-reentrant model


 *************** function _set_up_Actuadores *****************
 Defined at:
		line 40 in file "actuadores.c"
 Parameters:    Size  Location     Type
		None
 Auto vars:     Size  Location     Type
		None
 Return value:  Size  Location     Type
                  1    wreg      void 
 Registers used:
		wreg, status,2, status,0, pclath, cstack
 Tracked objects:
		On entry : 
		On exit  : 
		Unchanged: 
 Data sizes:     COMMON   BANK0   BANK1   BANK3   BANK2
      Params:         0       0       0       0       0
      Locals:         0       0       0       0       0
      Temps:          0       0       0       0       0
      Totals:         0       0       0       0       0
Total ram usage:        0 bytes
 Hardware stack levels used:    1
 Hardware stack levels required when called:    3
 This function calls:
		_init_PWM_CCP1
		_init_timer2
 This function is called by:
		_main
 This function uses a non-reentrant model


 *************** function _init_timer2 *****************
 Defined at:
		line 33 in file "actuadores.c"
 Parameters:    Size  Location     Type
		None
 Auto vars:     Size  Location     Type
		None
 Return value:  Size  Location     Type
                  1    wreg      void 
 Registers used:
		wreg, status,2, status,0
 Tracked objects:
		On entry : 
		On exit  : 
		Unchanged: 
 Data sizes:     COMMON   BANK0   BANK1   BANK3   BANK2
      Params:         0       0       0       0       0
      Locals:         0       0       0       0       0
      Temps:          0       0       0       0       0
      Totals:         0       0       0       0       0
Total ram usage:        0 bytes
 Hardware stack levels used:    1
 Hardware stack levels required when called:    2
 This function calls:
		Nothing
 This function is called by:
		_set_up_Actuadores
 This function uses a non-reentrant model


 *************** function _init_PWM_CCP1 *****************
 Defined at:
		line 21 in file "actuadores.c"
 Parameters:    Size  Location     Type
		None
 Auto vars:     Size  Location     Type
		None
 Return value:  Size  Location     Type
                  1    wreg      void 
 Registers used:
		wreg, status,2, status,0
 Tracked objects:
		On entry : 
		On exit  : 
		Unchanged: 
 Data sizes:     COMMON   BANK0   BANK1   BANK3   BANK2
      Params:         0       0       0       0       0
      Locals:         0       0       0       0       0
      Temps:          0       0       0       0       0
      Totals:         0       0       0       0       0
Total ram usage:        0 bytes
 Hardware stack levels used:    1
 Hardware stack levels required when called:    2
 This function calls:
		Nothing
 This function is called by:
		_set_up_Actuadores
 This function uses a non-reentrant model


 *************** function _read_temperatura_interior *****************
 Defined at:
		line 50 in file "sensores.c"
 Parameters:    Size  Location     Type
		None
 Auto vars:     Size  Location     Type
  lecturaV        3   24[BANK1 ] float 
  lectura         2   30[BANK1 ] int 
 Return value:  Size  Location     Type
                  1    wreg      void 
 Registers used:
		wreg, fsr0l, fsr0h, status,2, status,0, btemp+1, pclath, cstack
 Tracked objects:
		On entry : 
		On exit  : 
		Unchanged: 
 Data sizes:     COMMON   BANK0   BANK1   BANK3   BANK2
      Params:         0       0       0       0       0
      Locals:         0       0       8       0       0
      Temps:          0       0       2       0       0
      Totals:         0       0      10       0       0
Total ram usage:       10 bytes
 Hardware stack levels used:    1
 Hardware stack levels required when called:    4
 This function calls:
		___awtoft
		___ftdiv
		___ftmul
		___fttol
		___wmul
		_get_temperatura_interior
		_printf
 This function is called by:
		_main
 This function uses a non-reentrant model


 *************** function _read_temperatura_exterior *****************
 Defined at:
		line 76 in file "sensores.c"
 Parameters:    Size  Location     Type
		None
 Auto vars:     Size  Location     Type
  lecturaV        3   30[BANK1 ] float 
  Tc              3   27[BANK1 ] float 
  V0              3   24[BANK1 ] float 
  lectura         2   36[BANK1 ] int 
 Return value:  Size  Location     Type
                  1    wreg      void 
 Registers used:
		wreg, fsr0l, fsr0h, status,2, status,0, btemp+1, pclath, cstack
 Tracked objects:
		On entry : 
		On exit  : 
		Unchanged: 
 Data sizes:     COMMON   BANK0   BANK1   BANK3   BANK2
      Params:         0       0       0       0       0
      Locals:         0       0      14       0       0
      Temps:          0       0       2       0       0
      Totals:         0       0      16       0       0
Total ram usage:       16 bytes
 Hardware stack levels used:    1
 Hardware stack levels required when called:    5
 This function calls:
		___awtoft
		___ftdiv
		___ftsub
		___fttol
		___wmul
		_printf
 This function is called by:
		_main
 This function uses a non-reentrant model


 *************** function ___ftsub *****************
 Defined at:
		line 17 in file "C:\Program Files\Microchip\xc8\v2.30\pic\sources\c90\common\ftsub.c"
 Parameters:    Size  Location     Type
  f2              3   43[BANK0 ] float 
  f1              3   46[BANK0 ] float 
 Auto vars:     Size  Location     Type
		None
 Return value:  Size  Location     Type
                  3   43[BANK0 ] float 
 Registers used:
		wreg, status,2, status,0, pclath, cstack
 Tracked objects:
		On entry : 
		On exit  : 
		Unchanged: 
 Data sizes:     COMMON   BANK0   BANK1   BANK3   BANK2
      Params:         0       6       0       0       0
      Locals:         0       0       0       0       0
      Temps:          0       0       0       0       0
      Totals:         0       6       0       0       0
Total ram usage:        6 bytes
 Hardware stack levels used:    1
 Hardware stack levels required when called:    4
 This function calls:
		___ftadd
 This function is called by:
		_read_temperatura_exterior
 This function uses a non-reentrant model


 *************** function _read_potenciometro *****************
 Defined at:
		line 162 in file "sensores.c"
 Parameters:    Size  Location     Type
		None
 Auto vars:     Size  Location     Type
  lecturaV        3   28[BANK1 ] float 
  lectura         2   26[BANK1 ] int 
  aux             2   24[BANK1 ] int 
 Return value:  Size  Location     Type
                  1    wreg      void 
 Registers used:
		wreg, fsr0l, fsr0h, status,2, status,0, btemp+1, pclath, cstack
 Tracked objects:
		On entry : 
		On exit  : 
		Unchanged: 
 Data sizes:     COMMON   BANK0   BANK1   BANK3   BANK2
      Params:         0       0       0       0       0
      Locals:         0       0       7       0       0
      Temps:          0       0       2       0       0
      Totals:         0       0       9       0       0
Total ram usage:        9 bytes
 Hardware stack levels used:    1
 Hardware stack levels required when called:    4
 This function calls:
		___awtoft
		___ftdiv
		___ftmul
		___fttol
		___wmul
		_get_tempObjetivo
		_printf
 This function is called by:
		_main
 This function uses a non-reentrant model


 *************** function _read_intensidad_lumninosa *****************
 Defined at:
		line 134 in file "sensores.c"
 Parameters:    Size  Location     Type
		None
 Auto vars:     Size  Location     Type
  lecturaV        3   24[BANK1 ] float 
  lectura         2   30[BANK1 ] int 
 Return value:  Size  Location     Type
                  1    wreg      void 
 Registers used:
		wreg, fsr0l, fsr0h, status,2, status,0, btemp+1, pclath, cstack
 Tracked objects:
		On entry : 
		On exit  : 
		Unchanged: 
 Data sizes:     COMMON   BANK0   BANK1   BANK3   BANK2
      Params:         0       0       0       0       0
      Locals:         0       0       8       0       0
      Temps:          0       0       2       0       0
      Totals:         0       0      10       0       0
Total ram usage:       10 bytes
 Hardware stack levels used:    1
 Hardware stack levels required when called:    4
 This function calls:
		___awtoft
		___ftdiv
		___fttol
		___wmul
		_printf
 This function is called by:
		_main
 This function uses a non-reentrant model


 *************** function _read_humedad *****************
 Defined at:
		line 106 in file "sensores.c"
 Parameters:    Size  Location     Type
		None
 Auto vars:     Size  Location     Type
  lecturaV        3   24[BANK1 ] float 
  lectura         2   30[BANK1 ] int 
 Return value:  Size  Location     Type
                  1    wreg      void 
 Registers used:
		wreg, fsr0l, fsr0h, status,2, status,0, btemp+1, pclath, cstack
 Tracked objects:
		On entry : 
		On exit  : 
		Unchanged: 
 Data sizes:     COMMON   BANK0   BANK1   BANK3   BANK2
      Params:         0       0       0       0       0
      Locals:         0       0       8       0       0
      Temps:          0       0       2       0       0
      Totals:         0       0      10       0       0
Total ram usage:       10 bytes
 Hardware stack levels used:    1
 Hardware stack levels required when called:    4
 This function calls:
		___awtoft
		___ftadd
		___ftdiv
		___fttol
		___wmul
		_printf
 This function is called by:
		_main
 This function uses a non-reentrant model


 *************** function ___ftadd *****************
 Defined at:
		line 86 in file "C:\Program Files\Microchip\xc8\v2.30\pic\sources\c90\common\ftadd.c"
 Parameters:    Size  Location     Type
  f1              3   14[BANK0 ] float 
  f2              3   17[BANK0 ] float 
 Auto vars:     Size  Location     Type
  exp1            1   26[BANK0 ] unsigned char 
  exp2            1   25[BANK0 ] unsigned char 
  sign            1   24[BANK0 ] unsigned char 
 Return value:  Size  Location     Type
                  3   14[BANK0 ] float 
 Registers used:
		wreg, status,2, status,0, pclath, cstack
 Tracked objects:
		On entry : 
		On exit  : 
		Unchanged: 
 Data sizes:     COMMON   BANK0   BANK1   BANK3   BANK2
      Params:         0       6       0       0       0
      Locals:         0       3       0       0       0
      Temps:          0       4       0       0       0
      Totals:         0      13       0       0       0
Total ram usage:       13 bytes
 Hardware stack levels used:    1
 Hardware stack levels required when called:    3
 This function calls:
		___ftpack
 This function is called by:
		_read_humedad
		___ftsub
 This function uses a non-reentrant model


 *************** function _mostrarDatos *****************
 Defined at:
		line 52 in file "display.c"
 Parameters:    Size  Location     Type
		None
 Auto vars:     Size  Location     Type
		None
 Return value:  Size  Location     Type
                  1    wreg      void 
 Registers used:
		wreg, fsr0l, fsr0h, status,2, status,0, btemp+1, pclath, cstack
 Tracked objects:
		On entry : 
		On exit  : 
		Unchanged: 
 Data sizes:     COMMON   BANK0   BANK1   BANK3   BANK2
      Params:         0       0       0       0       0
      Locals:         0       0       0       0       0
      Temps:          0       0       0       0       0
      Totals:         0       0       0       0       0
Total ram usage:        0 bytes
 Hardware stack levels used:    1
 Hardware stack levels required when called:    4
 This function calls:
		_get_humedad
		_get_intensidad_luminosa
		_get_temperatura_exterior
		_get_temperatura_interior
		_get_velocidad_ventilador
		_printf
 This function is called by:
		_main
 This function uses a non-reentrant model


 *************** function _get_velocidad_ventilador *****************
 Defined at:
		line 111 in file "actuadores.c"
 Parameters:    Size  Location     Type
		None
 Auto vars:     Size  Location     Type
		None
 Return value:  Size  Location     Type
                  2   73[BANK0 ] int 
 Registers used:
		wreg, status,2, status,0, pclath, cstack
 Tracked objects:
		On entry : 
		On exit  : 
		Unchanged: 
 Data sizes:     COMMON   BANK0   BANK1   BANK3   BANK2
      Params:         0       2       0       0       0
      Locals:         0       0       0       0       0
      Temps:          0       0       0       0       0
      Totals:         0       2       0       0       0
Total ram usage:        2 bytes
 Hardware stack levels used:    1
 Hardware stack levels required when called:    3
 This function calls:
		___fttol
 This function is called by:
		_mostrarDatos
 This function uses a non-reentrant model


 *************** function _get_temperatura_exterior *****************
 Defined at:
		line 101 in file "sensores.c"
 Parameters:    Size  Location     Type
		None
 Auto vars:     Size  Location     Type
		None
 Return value:  Size  Location     Type
                  2    0[BANK0 ] int 
 Registers used:
		wreg
 Tracked objects:
		On entry : 
		On exit  : 
		Unchanged: 
 Data sizes:     COMMON   BANK0   BANK1   BANK3   BANK2
      Params:         0       2       0       0       0
      Locals:         0       0       0       0       0
      Temps:          0       0       0       0       0
      Totals:         0       2       0       0       0
Total ram usage:        2 bytes
 Hardware stack levels used:    1
 Hardware stack levels required when called:    2
 This function calls:
		Nothing
 This function is called by:
		_mostrarDatos
 This function uses a non-reentrant model


 *************** function _get_intensidad_luminosa *****************
 Defined at:
		line 157 in file "sensores.c"
 Parameters:    Size  Location     Type
		None
 Auto vars:     Size  Location     Type
		None
 Return value:  Size  Location     Type
                  2    0[BANK0 ] int 
 Registers used:
		wreg
 Tracked objects:
		On entry : 
		On exit  : 
		Unchanged: 
 Data sizes:     COMMON   BANK0   BANK1   BANK3   BANK2
      Params:         0       2       0       0       0
      Locals:         0       0       0       0       0
      Temps:          0       0       0       0       0
      Totals:         0       2       0       0       0
Total ram usage:        2 bytes
 Hardware stack levels used:    1
 Hardware stack levels required when called:    2
 This function calls:
		Nothing
 This function is called by:
		_mostrarDatos
 This function uses a non-reentrant model


 *************** function _get_humedad *****************
 Defined at:
		line 130 in file "sensores.c"
 Parameters:    Size  Location     Type
		None
 Auto vars:     Size  Location     Type
		None
 Return value:  Size  Location     Type
                  2    0[BANK0 ] int 
 Registers used:
		wreg
 Tracked objects:
		On entry : 
		On exit  : 
		Unchanged: 
 Data sizes:     COMMON   BANK0   BANK1   BANK3   BANK2
      Params:         0       2       0       0       0
      Locals:         0       0       0       0       0
      Temps:          0       0       0       0       0
      Totals:         0       2       0       0       0
Total ram usage:        2 bytes
 Hardware stack levels used:    1
 Hardware stack levels required when called:    2
 This function calls:
		Nothing
 This function is called by:
		_mostrarDatos
 This function uses a non-reentrant model


 *************** function _mostrarConsigna *****************
 Defined at:
		line 48 in file "display.c"
 Parameters:    Size  Location     Type
		None
 Auto vars:     Size  Location     Type
		None
 Return value:  Size  Location     Type
                  1    wreg      void 
 Registers used:
		wreg, fsr0l, fsr0h, status,2, status,0, btemp+1, pclath, cstack
 Tracked objects:
		On entry : 
		On exit  : 
		Unchanged: 
 Data sizes:     COMMON   BANK0   BANK1   BANK3   BANK2
      Params:         0       0       0       0       0
      Locals:         0       0       0       0       0
      Temps:          0       0       0       0       0
      Totals:         0       0       0       0       0
Total ram usage:        0 bytes
 Hardware stack levels used:    1
 Hardware stack levels required when called:    4
 This function calls:
		_get_tempObjetivo
		_printf
 This function is called by:
		_main
 This function uses a non-reentrant model


 *************** function _mensajeBienvenida *****************
 Defined at:
		line 44 in file "display.c"
 Parameters:    Size  Location     Type
		None
 Auto vars:     Size  Location     Type
		None
 Return value:  Size  Location     Type
                  1    wreg      void 
 Registers used:
		wreg, fsr0l, fsr0h, status,2, status,0, btemp+1, pclath, cstack
 Tracked objects:
		On entry : 
		On exit  : 
		Unchanged: 
 Data sizes:     COMMON   BANK0   BANK1   BANK3   BANK2
      Params:         0       0       0       0       0
      Locals:         0       0       0       0       0
      Temps:          0       0       0       0       0
      Totals:         0       0       0       0       0
Total ram usage:        0 bytes
 Hardware stack levels used:    1
 Hardware stack levels required when called:    4
 This function calls:
		_printf
 This function is called by:
		_main
 This function uses a non-reentrant model


 *************** function _logica_Actuadores *****************
 Defined at:
		line 78 in file "actuadores.c"
 Parameters:    Size  Location     Type
		None
 Auto vars:     Size  Location     Type
		None
 Return value:  Size  Location     Type
                  1    wreg      void 
 Registers used:
		wreg, fsr0l, fsr0h, status,2, status,0, btemp+1, pclath, cstack
 Tracked objects:
		On entry : 
		On exit  : 
		Unchanged: 
 Data sizes:     COMMON   BANK0   BANK1   BANK3   BANK2
      Params:         0       0       0       0       0
      Locals:         0       0       0       0       0
      Temps:          0       0       0       0       0
      Totals:         0       0       0       0       0
Total ram usage:        0 bytes
 Hardware stack levels used:    1
 Hardware stack levels required when called:    4
 This function calls:
		___awtoft
		___ftdiv
		___ftge
		___ftmul
		___fttol
		___wmul
		_get_lastPotenciometro
		_get_tempObjetivo
		_get_temperatura_interior
		_printf
		_set_Calefactor
		_set_Refrigerador
		_set_Ventilador
 This function is called by:
		_main
 This function uses a non-reentrant model


 *************** function _set_Ventilador *****************
 Defined at:
		line 72 in file "actuadores.c"
 Parameters:    Size  Location     Type
  intensidad      2   73[BANK0 ] int 
 Auto vars:     Size  Location     Type
		None
 Return value:  Size  Location     Type
                  1    wreg      void 
 Registers used:
		wreg, status,2, status,0, pclath, cstack
 Tracked objects:
		On entry : 
		On exit  : 
		Unchanged: 
 Data sizes:     COMMON   BANK0   BANK1   BANK3   BANK2
      Params:         0       2       0       0       0
      Locals:         0       0       0       0       0
      Temps:          0       2       0       0       0
      Totals:         0       4       0       0       0
Total ram usage:        4 bytes
 Hardware stack levels used:    1
 Hardware stack levels required when called:    3
 This function calls:
		___awdiv
		___wmul
 This function is called by:
		_logica_Actuadores
 This function uses a non-reentrant model


 *************** function _set_Refrigerador *****************
 Defined at:
		line 57 in file "actuadores.c"
 Parameters:    Size  Location     Type
  on              2    0[BANK0 ] int 
 Auto vars:     Size  Location     Type
		None
 Return value:  Size  Location     Type
                  1    wreg      void 
 Registers used:
		wreg, status,2, status,0
 Tracked objects:
		On entry : 
		On exit  : 
		Unchanged: 
 Data sizes:     COMMON   BANK0   BANK1   BANK3   BANK2
      Params:         0       2       0       0       0
      Locals:         0       0       0       0       0
      Temps:          0       0       0       0       0
      Totals:         0       2       0       0       0
Total ram usage:        2 bytes
 Hardware stack levels used:    1
 Hardware stack levels required when called:    2
 This function calls:
		Nothing
 This function is called by:
		_logica_Actuadores
 This function uses a non-reentrant model


 *************** function _set_Calefactor *****************
 Defined at:
		line 65 in file "actuadores.c"
 Parameters:    Size  Location     Type
  on              2    0[BANK0 ] int 
 Auto vars:     Size  Location     Type
		None
 Return value:  Size  Location     Type
                  1    wreg      void 
 Registers used:
		wreg, status,2, status,0
 Tracked objects:
		On entry : 
		On exit  : 
		Unchanged: 
 Data sizes:     COMMON   BANK0   BANK1   BANK3   BANK2
      Params:         0       2       0       0       0
      Locals:         0       0       0       0       0
      Temps:          0       0       0       0       0
      Totals:         0       2       0       0       0
Total ram usage:        2 bytes
 Hardware stack levels used:    1
 Hardware stack levels required when called:    2
 This function calls:
		Nothing
 This function is called by:
		_logica_Actuadores
 This function uses a non-reentrant model


 *************** function _printf *****************
 Defined at:
		line 477 in file "C:\Program Files\Microchip\xc8\v2.30\pic\sources\c90\common\doprnt.c"
 Parameters:    Size  Location     Type
  f               2   75[BANK0 ] PTR const unsigned char 
		 -> STR_18(35), STR_17(21), STR_16(28), STR_15(14), 
		 -> STR_14(18), STR_13(32), STR_12(28), STR_11(16), 
		 -> STR_10(28), STR_9(28), STR_8(19), STR_7(49), 
		 -> STR_6(65), STR_5(29), STR_4(19), STR_3(15), 
		 -> STR_2(28), STR_1(25), 
 Auto vars:     Size  Location     Type
  idx             1    9[BANK1 ] unsigned char 
  tmpval          4    0        struct .
  flag            2   20[BANK1 ] unsigned short 
  width           2   17[BANK1 ] int 
  val             2   14[BANK1 ] unsigned int 
  len             2   11[BANK1 ] unsigned int 
  c               1   19[BANK1 ] unsigned char 
  prec            1   16[BANK1 ] char 
  ap              1   13[BANK1 ] PTR void [1]
		 -> ?_printf(2), 
  cp              1   10[BANK1 ] PTR const unsigned char 
		 -> printf@c(1), 
 Return value:  Size  Location     Type
                  2   75[BANK0 ] int 
 Registers used:
		wreg, fsr0l, fsr0h, status,2, status,0, btemp+1, pclath, cstack
 Tracked objects:
		On entry : 
		On exit  : 
		Unchanged: 
 Data sizes:     COMMON   BANK0   BANK1   BANK3   BANK2
      Params:         0       4       0       0       0
      Locals:         0       0      19       0       0
      Temps:          0       0       3       0       0
      Totals:         0       4      22       0       0
Total ram usage:       26 bytes
 Hardware stack levels used:    1
 Hardware stack levels required when called:    3
 This function calls:
		___bmul
		___lwdiv
		___lwmod
		___wmul
		_isdigit
		_putch
 This function is called by:
		_read_temperatura_interior
		_read_temperatura_exterior
		_read_humedad
		_read_intensidad_lumninosa
		_read_potenciometro
		_mensajeBienvenida
		_mostrarConsigna
		_mostrarDatos
		_logica_Actuadores
		_main
 This function uses a non-reentrant model


 *************** function _putch *****************
 Defined at:
		line 38 in file "display.c"
 Parameters:    Size  Location     Type
  c               1    wreg     unsigned char 
 Auto vars:     Size  Location     Type
  c               1    0[BANK0 ] unsigned char 
 Return value:  Size  Location     Type
                  1    wreg      void 
 Registers used:
		wreg
 Tracked objects:
		On entry : 
		On exit  : 
		Unchanged: 
 Data sizes:     COMMON   BANK0   BANK1   BANK3   BANK2
      Params:         0       0       0       0       0
      Locals:         0       1       0       0       0
      Temps:          0       0       0       0       0
      Totals:         0       1       0       0       0
Total ram usage:        1 bytes
 Hardware stack levels used:    1
 Hardware stack levels required when called:    2
 This function calls:
		Nothing
 This function is called by:
		_printf
 This function uses a non-reentrant model


 *************** function _isdigit *****************
 Defined at:
		line 8 in file "C:\Program Files\Microchip\xc8\v2.30\pic\sources\c90\common\isdigit.c"
 Parameters:    Size  Location     Type
  c               1    wreg     unsigned char 
 Auto vars:     Size  Location     Type
  c               1    1[BANK0 ] unsigned char 
 Return value:  Size  Location     Type
		None               void
 Registers used:
		wreg, status,2, status,0
 Tracked objects:
		On entry : 
		On exit  : 
		Unchanged: 
 Data sizes:     COMMON   BANK0   BANK1   BANK3   BANK2
      Params:         0       0       0       0       0
      Locals:         0       2       0       0       0
      Temps:          0       0       0       0       0
      Totals:         0       2       0       0       0
Total ram usage:        2 bytes
 Hardware stack levels used:    1
 Hardware stack levels required when called:    2
 This function calls:
		Nothing
 This function is called by:
		_printf
 This function uses a non-reentrant model


 *************** function ___wmul *****************
 Defined at:
		line 15 in file "C:\Program Files\Microchip\xc8\v2.30\pic\sources\c90\common\Umul16.c"
 Parameters:    Size  Location     Type
  multiplier      2    0[BANK0 ] unsigned int 
  multiplicand    2    2[BANK0 ] unsigned int 
 Auto vars:     Size  Location     Type
  product         2    4[BANK0 ] unsigned int 
 Return value:  Size  Location     Type
                  2    0[BANK0 ] unsigned int 
 Registers used:
		wreg, status,2, status,0
 Tracked objects:
		On entry : 
		On exit  : 
		Unchanged: 
 Data sizes:     COMMON   BANK0   BANK1   BANK3   BANK2
      Params:         0       4       0       0       0
      Locals:         0       2       0       0       0
      Temps:          0       0       0       0       0
      Totals:         0       6       0       0       0
Total ram usage:        6 bytes
 Hardware stack levels used:    1
 Hardware stack levels required when called:    2
 This function calls:
		Nothing
 This function is called by:
		_read_temperatura_interior
		_read_temperatura_exterior
		_read_humedad
		_read_intensidad_lumninosa
		_read_potenciometro
		_set_Ventilador
		_logica_Actuadores
		_printf
 This function uses a non-reentrant model


 *************** function ___lwmod *****************
 Defined at:
		line 5 in file "C:\Program Files\Microchip\xc8\v2.30\pic\sources\c90\common\lwmod.c"
 Parameters:    Size  Location     Type
  divisor         2    8[BANK0 ] unsigned int 
  dividend        2   10[BANK0 ] unsigned int 
 Auto vars:     Size  Location     Type
  counter         1   13[BANK0 ] unsigned char 
 Return value:  Size  Location     Type
                  2    8[BANK0 ] unsigned int 
 Registers used:
		wreg, status,2, status,0
 Tracked objects:
		On entry : 
		On exit  : 
		Unchanged: 
 Data sizes:     COMMON   BANK0   BANK1   BANK3   BANK2
      Params:         0       4       0       0       0
      Locals:         0       1       0       0       0
      Temps:          0       1       0       0       0
      Totals:         0       6       0       0       0
Total ram usage:        6 bytes
 Hardware stack levels used:    1
 Hardware stack levels required when called:    2
 This function calls:
		Nothing
 This function is called by:
		_printf
 This function uses a non-reentrant model


 *************** function ___lwdiv *****************
 Defined at:
		line 5 in file "C:\Program Files\Microchip\xc8\v2.30\pic\sources\c90\common\lwdiv.c"
 Parameters:    Size  Location     Type
  divisor         2    0[BANK0 ] unsigned int 
  dividend        2    2[BANK0 ] unsigned int 
 Auto vars:     Size  Location     Type
  quotient        2    5[BANK0 ] unsigned int 
  counter         1    7[BANK0 ] unsigned char 
 Return value:  Size  Location     Type
                  2    0[BANK0 ] unsigned int 
 Registers used:
		wreg, status,2, status,0
 Tracked objects:
		On entry : 
		On exit  : 
		Unchanged: 
 Data sizes:     COMMON   BANK0   BANK1   BANK3   BANK2
      Params:         0       4       0       0       0
      Locals:         0       3       0       0       0
      Temps:          0       1       0       0       0
      Totals:         0       8       0       0       0
Total ram usage:        8 bytes
 Hardware stack levels used:    1
 Hardware stack levels required when called:    2
 This function calls:
		Nothing
 This function is called by:
		_printf
 This function uses a non-reentrant model


 *************** function ___bmul *****************
 Defined at:
		line 4 in file "C:\Program Files\Microchip\xc8\v2.30\pic\sources\c90\common\Umul8.c"
 Parameters:    Size  Location     Type
  multiplier      1    wreg     unsigned char 
  multiplicand    1    0[BANK0 ] unsigned char 
 Auto vars:     Size  Location     Type
  multiplier      1    3[BANK0 ] unsigned char 
  product         1    2[BANK0 ] unsigned char 
 Return value:  Size  Location     Type
                  1    wreg      unsigned char 
 Registers used:
		wreg, status,2, status,0
 Tracked objects:
		On entry : 
		On exit  : 
		Unchanged: 
 Data sizes:     COMMON   BANK0   BANK1   BANK3   BANK2
      Params:         0       1       0       0       0
      Locals:         0       2       0       0       0
      Temps:          0       1       0       0       0
      Totals:         0       4       0       0       0
Total ram usage:        4 bytes
 Hardware stack levels used:    1
 Hardware stack levels required when called:    2
 This function calls:
		Nothing
 This function is called by:
		_printf
 This function uses a non-reentrant model


 *************** function _get_temperatura_interior *****************
 Defined at:
		line 71 in file "sensores.c"
 Parameters:    Size  Location     Type
		None
 Auto vars:     Size  Location     Type
		None
 Return value:  Size  Location     Type
                  2    0[BANK0 ] int 
 Registers used:
		wreg
 Tracked objects:
		On entry : 
		On exit  : 
		Unchanged: 
 Data sizes:     COMMON   BANK0   BANK1   BANK3   BANK2
      Params:         0       2       0       0       0
      Locals:         0       0       0       0       0
      Temps:          0       0       0       0       0
      Totals:         0       2       0       0       0
Total ram usage:        2 bytes
 Hardware stack levels used:    1
 Hardware stack levels required when called:    2
 This function calls:
		Nothing
 This function is called by:
		_read_temperatura_interior
		_mostrarDatos
		_logica_Actuadores
 This function uses a non-reentrant model


 *************** function _get_tempObjetivo *****************
 Defined at:
		line 187 in file "sensores.c"
 Parameters:    Size  Location     Type
		None
 Auto vars:     Size  Location     Type
		None
 Return value:  Size  Location     Type
                  2   15[BANK0 ] int 
 Registers used:
		wreg, status,2, status,0, pclath, cstack
 Tracked objects:
		On entry : 
		On exit  : 
		Unchanged: 
 Data sizes:     COMMON   BANK0   BANK1   BANK3   BANK2
      Params:         0       2       0       0       0
      Locals:         0       0       0       0       0
      Temps:          0       0       0       0       0
      Totals:         0       2       0       0       0
Total ram usage:        2 bytes
 Hardware stack levels used:    1
 Hardware stack levels required when called:    3
 This function calls:
		___awdiv
 This function is called by:
		_read_potenciometro
		_mostrarConsigna
		_logica_Actuadores
 This function uses a non-reentrant model


 *************** function ___awdiv *****************
 Defined at:
		line 5 in file "C:\Program Files\Microchip\xc8\v2.30\pic\sources\c90\common\awdiv.c"
 Parameters:    Size  Location     Type
  divisor         2    6[BANK0 ] int 
  dividend        2    8[BANK0 ] int 
 Auto vars:     Size  Location     Type
  quotient        2   13[BANK0 ] int 
  sign            1   12[BANK0 ] unsigned char 
  counter         1   11[BANK0 ] unsigned char 
 Return value:  Size  Location     Type
                  2    6[BANK0 ] int 
 Registers used:
		wreg, status,2, status,0
 Tracked objects:
		On entry : 
		On exit  : 
		Unchanged: 
 Data sizes:     COMMON   BANK0   BANK1   BANK3   BANK2
      Params:         0       4       0       0       0
      Locals:         0       4       0       0       0
      Temps:          0       1       0       0       0
      Totals:         0       9       0       0       0
Total ram usage:        9 bytes
 Hardware stack levels used:    1
 Hardware stack levels required when called:    2
 This function calls:
		Nothing
 This function is called by:
		_get_tempObjetivo
		_set_Ventilador
 This function uses a non-reentrant model


 *************** function _get_lastPotenciometro *****************
 Defined at:
		line 197 in file "sensores.c"
 Parameters:    Size  Location     Type
		None
 Auto vars:     Size  Location     Type
		None
 Return value:  Size  Location     Type
                  3    0[BANK0 ] float 
 Registers used:
		wreg
 Tracked objects:
		On entry : 
		On exit  : 
		Unchanged: 
 Data sizes:     COMMON   BANK0   BANK1   BANK3   BANK2
      Params:         0       3       0       0       0
      Locals:         0       0       0       0       0
      Temps:          0       0       0       0       0
      Totals:         0       3       0       0       0
Total ram usage:        3 bytes
 Hardware stack levels used:    1
 Hardware stack levels required when called:    2
 This function calls:
		Nothing
 This function is called by:
		_logica_Actuadores
 This function uses a non-reentrant model


 *************** function ___fttol *****************
 Defined at:
		line 44 in file "C:\Program Files\Microchip\xc8\v2.30\pic\sources\c90\common\fttol.c"
 Parameters:    Size  Location     Type
  f1              3   59[BANK0 ] float 
 Auto vars:     Size  Location     Type
  lval            4   68[BANK0 ] unsigned long 
  exp1            1   72[BANK0 ] unsigned char 
  sign1           1   67[BANK0 ] unsigned char 
 Return value:  Size  Location     Type
                  4   59[BANK0 ] long 
 Registers used:
		wreg, status,2, status,0
 Tracked objects:
		On entry : 
		On exit  : 
		Unchanged: 
 Data sizes:     COMMON   BANK0   BANK1   BANK3   BANK2
      Params:         0       4       0       0       0
      Locals:         0       6       0       0       0
      Temps:          0       4       0       0       0
      Totals:         0      14       0       0       0
Total ram usage:       14 bytes
 Hardware stack levels used:    1
 Hardware stack levels required when called:    2
 This function calls:
		Nothing
 This function is called by:
		_read_temperatura_interior
		_read_temperatura_exterior
		_read_humedad
		_read_intensidad_lumninosa
		_read_potenciometro
		_logica_Actuadores
		_get_velocidad_ventilador
 This function uses a non-reentrant model


 *************** function ___ftmul *****************
 Defined at:
		line 62 in file "C:\Program Files\Microchip\xc8\v2.30\pic\sources\c90\common\ftmul.c"
 Parameters:    Size  Location     Type
  f1              3   43[BANK0 ] float 
  f2              3   46[BANK0 ] float 
 Auto vars:     Size  Location     Type
  f3_as_produc    3   54[BANK0 ] unsigned um
  sign            1   58[BANK0 ] unsigned char 
  cntr            1   57[BANK0 ] unsigned char 
  exp             1   53[BANK0 ] unsigned char 
 Return value:  Size  Location     Type
                  3   43[BANK0 ] float 
 Registers used:
		wreg, status,2, status,0, pclath, cstack
 Tracked objects:
		On entry : 
		On exit  : 
		Unchanged: 
 Data sizes:     COMMON   BANK0   BANK1   BANK3   BANK2
      Params:         0       6       0       0       0
      Locals:         0       6       0       0       0
      Temps:          0       4       0       0       0
      Totals:         0      16       0       0       0
Total ram usage:       16 bytes
 Hardware stack levels used:    1
 Hardware stack levels required when called:    3
 This function calls:
		___ftpack
 This function is called by:
		_read_temperatura_interior
		_read_potenciometro
		_logica_Actuadores
 This function uses a non-reentrant model


 *************** function ___ftge *****************
 Defined at:
		line 4 in file "C:\Program Files\Microchip\xc8\v2.30\pic\sources\c90\common\ftge.c"
 Parameters:    Size  Location     Type
  ff1             3   14[BANK0 ] float 
  ff2             3   17[BANK0 ] float 
 Auto vars:     Size  Location     Type
		None
 Return value:  Size  Location     Type
		None               void
 Registers used:
		wreg, status,2, status,0
 Tracked objects:
		On entry : 
		On exit  : 
		Unchanged: 
 Data sizes:     COMMON   BANK0   BANK1   BANK3   BANK2
      Params:         0       6       0       0       0
      Locals:         0       0       0       0       0
      Temps:          0       0       0       0       0
      Totals:         0       6       0       0       0
Total ram usage:        6 bytes
 Hardware stack levels used:    1
 Hardware stack levels required when called:    2
 This function calls:
		Nothing
 This function is called by:
		_logica_Actuadores
 This function uses a non-reentrant model


 *************** function ___ftdiv *****************
 Defined at:
		line 56 in file "C:\Program Files\Microchip\xc8\v2.30\pic\sources\c90\common\ftdiv.c"
 Parameters:    Size  Location     Type
  f2              3   27[BANK0 ] float 
  f1              3   30[BANK0 ] float 
 Auto vars:     Size  Location     Type
  f3              3   38[BANK0 ] float 
  sign            1   42[BANK0 ] unsigned char 
  exp             1   41[BANK0 ] unsigned char 
  cntr            1   37[BANK0 ] unsigned char 
 Return value:  Size  Location     Type
                  3   27[BANK0 ] float 
 Registers used:
		wreg, status,2, status,0, pclath, cstack
 Tracked objects:
		On entry : 
		On exit  : 
		Unchanged: 
 Data sizes:     COMMON   BANK0   BANK1   BANK3   BANK2
      Params:         0       6       0       0       0
      Locals:         0       6       0       0       0
      Temps:          0       4       0       0       0
      Totals:         0      16       0       0       0
Total ram usage:       16 bytes
 Hardware stack levels used:    1
 Hardware stack levels required when called:    3
 This function calls:
		___ftpack
 This function is called by:
		_read_temperatura_interior
		_read_temperatura_exterior
		_read_humedad
		_read_intensidad_lumninosa
		_read_potenciometro
		_logica_Actuadores
 This function uses a non-reentrant model


 *************** function ___awtoft *****************
 Defined at:
		line 32 in file "C:\Program Files\Microchip\xc8\v2.30\pic\sources\c90\common\awtoft.c"
 Parameters:    Size  Location     Type
  c               2    8[BANK0 ] int 
 Auto vars:     Size  Location     Type
  sign            1   13[BANK0 ] unsigned char 
 Return value:  Size  Location     Type
                  3    8[BANK0 ] float 
 Registers used:
		wreg, status,2, status,0, pclath, cstack
 Tracked objects:
		On entry : 
		On exit  : 
		Unchanged: 
 Data sizes:     COMMON   BANK0   BANK1   BANK3   BANK2
      Params:         0       3       0       0       0
      Locals:         0       1       0       0       0
      Temps:          0       2       0       0       0
      Totals:         0       6       0       0       0
Total ram usage:        6 bytes
 Hardware stack levels used:    1
 Hardware stack levels required when called:    3
 This function calls:
		___ftpack
 This function is called by:
		_read_temperatura_interior
		_read_temperatura_exterior
		_read_humedad
		_read_intensidad_lumninosa
		_read_potenciometro
		_logica_Actuadores
 This function uses a non-reentrant model


 *************** function ___ftpack *****************
 Defined at:
		line 62 in file "C:\Program Files\Microchip\xc8\v2.30\pic\sources\c90\common\float.c"
 Parameters:    Size  Location     Type
  arg             3    0[BANK0 ] unsigned um
  exp             1    3[BANK0 ] unsigned char 
  sign            1    4[BANK0 ] unsigned char 
 Auto vars:     Size  Location     Type
		None
 Return value:  Size  Location     Type
                  3    0[BANK0 ] float 
 Registers used:
		wreg, status,2, status,0
 Tracked objects:
		On entry : 
		On exit  : 
		Unchanged: 
 Data sizes:     COMMON   BANK0   BANK1   BANK3   BANK2
      Params:         0       5       0       0       0
      Locals:         0       0       0       0       0
      Temps:          0       3       0       0       0
      Totals:         0       8       0       0       0
Total ram usage:        8 bytes
 Hardware stack levels used:    1
 Hardware stack levels required when called:    2
 This function calls:
		Nothing
 This function is called by:
		___awtoft
		___ftadd
		___ftdiv
		___ftmul
 This function uses a non-reentrant model


 *************** function _init_uart *****************
 Defined at:
		line 14 in file "display.c"
 Parameters:    Size  Location     Type
		None
 Auto vars:     Size  Location     Type
		None
 Return value:  Size  Location     Type
                  1    wreg      void 
 Registers used:
		wreg, status,2
 Tracked objects:
		On entry : 
		On exit  : 
		Unchanged: 
 Data sizes:     COMMON   BANK0   BANK1   BANK3   BANK2
      Params:         0       0       0       0       0
      Locals:         0       0       0       0       0
      Temps:          0       0       0       0       0
      Totals:         0       0       0       0       0
Total ram usage:        0 bytes
 Hardware stack levels used:    1
 Hardware stack levels required when called:    2
 This function calls:
		Nothing
 This function is called by:
		_main
 This function uses a non-reentrant model


 *************** function _init_timer0 *****************
 Defined at:
		line 31 in file "controlador3.c"
 Parameters:    Size  Location     Type
		None
 Auto vars:     Size  Location     Type
		None
 Return value:  Size  Location     Type
                  1    wreg      void 
 Registers used:
		wreg, status,2, status,0
 Tracked objects:
		On entry : 
		On exit  : 
		Unchanged: 
 Data sizes:     COMMON   BANK0   BANK1   BANK3   BANK2
      Params:         0       0       0       0       0
      Locals:         0       0       0       0       0
      Temps:          0       0       0       0       0
      Totals:         0       0       0       0       0
Total ram usage:        0 bytes
 Hardware stack levels used:    1
 Hardware stack levels required when called:    2
 This function calls:
		Nothing
 This function is called by:
		_main
 This function uses a non-reentrant model


 *************** function _Handler *****************
 Defined at:
		line 46 in file "controlador3.c"
 Parameters:    Size  Location     Type
		None
 Auto vars:     Size  Location     Type
		None
 Return value:  Size  Location     Type
                  1    wreg      void 
 Registers used:
		wreg, status,2, status,0, pclath, cstack
 Tracked objects:
		On entry : 
		On exit  : 
		Unchanged: 
 Data sizes:     COMMON   BANK0   BANK1   BANK3   BANK2
      Params:         0       0       0       0       0
      Locals:         0       0       0       0       0
      Temps:          3       0       0       0       0
      Totals:         3       0       0       0       0
Total ram usage:        3 bytes
 Hardware stack levels used:    1
 Hardware stack levels required when called:    1
 This function calls:
		___awmod
 This function is called by:
		Interrupt level 1
 This function uses a non-reentrant model


 *************** function ___awmod *****************
 Defined at:
		line 5 in file "C:\Program Files\Microchip\xc8\v2.30\pic\sources\c90\common\awmod.c"
 Parameters:    Size  Location     Type
  divisor         2    0[COMMON] int 
  dividend        2    2[COMMON] int 
 Auto vars:     Size  Location     Type
  sign            1    6[COMMON] unsigned char 
  counter         1    5[COMMON] unsigned char 
 Return value:  Size  Location     Type
                  2    0[COMMON] int 
 Registers used:
		wreg, status,2, status,0
 Tracked objects:
		On entry : 
		On exit  : 
		Unchanged: 
 Data sizes:     COMMON   BANK0   BANK1   BANK3   BANK2
      Params:         4       0       0       0       0
      Locals:         2       0       0       0       0
      Temps:          1       0       0       0       0
      Totals:         7       0       0       0       0
Total ram usage:        7 bytes
 Hardware stack levels used:    1
 This function calls:
		Nothing
 This function is called by:
		_Handler
 This function uses a non-reentrant model



MODULE INFORMATION

Module		Function		Class		Link	Load	Size
C:\Program Files\Microchip\xc8\v2.30\pic\sources\c90\common\lwmod.c
		___lwmod       		CODE           	1199	0000	60

C:\Program Files\Microchip\xc8\v2.30\pic\sources\c90\common\lwmod.c estimated size: 60

C:\Program Files\Microchip\xc8\v2.30\pic\sources\c90\common\ftge.c
		___ftge        		CODE           	115F	0000	58

C:\Program Files\Microchip\xc8\v2.30\pic\sources\c90\common\ftge.c estimated size: 58

actuadores.c
		_set_up_Actuadores		CODE           	100B	0000	24
		_set_Calefactor		CODE           	1F45	0000	12
		_set_Ventilador		CODE           	10D2	0000	42
		_logica_Actuadores		CODE           	0E53	0000	429
		_init_timer2   		CODE           	1F9D	0000	14
		_set_Refrigerador		CODE           	1F51	0000	12
		_init_PWM_CCP1 		CODE           	1F3C	0000	9
		_get_velocidad_ventilador		CODE           	103F	0000	30

actuadores.c estimated size: 572

C:\Program Files\Microchip\xc8\v2.30\pic\sources\c90\common\awtoft.c
		___awtoft      		CODE           	10A9	0000	41

C:\Program Files\Microchip\xc8\v2.30\pic\sources\c90\common\awtoft.c estimated size: 41

C:\Program Files\Microchip\xc8\v2.30\pic\sources\c90\common\ftmul.c
		___ftmul       		CODE           	154B	0000	229

C:\Program Files\Microchip\xc8\v2.30\pic\sources\c90\common\ftmul.c estimated size: 229

C:\Program Files\Microchip\xc8\v2.30\pic\sources\c90\common\awmod.c
		___awmod       		CODE           	121B	0000	89

C:\Program Files\Microchip\xc8\v2.30\pic\sources\c90\common\awmod.c estimated size: 89

C:\Program Files\Microchip\xc8\v2.30\pic\sources\c90\common\ftdiv.c
		___ftdiv       		CODE           	094D	0000	194

C:\Program Files\Microchip\xc8\v2.30\pic\sources\c90\common\ftdiv.c estimated size: 194

C:\Program Files\Microchip\xc8\v2.30\pic\sources\c90\common\lwdiv.c
		___lwdiv       		CODE           	11D5	0000	70

C:\Program Files\Microchip\xc8\v2.30\pic\sources\c90\common\lwdiv.c estimated size: 70

C:\Program Files\Microchip\xc8\v2.30\pic\sources\c90\common\isdigit.c
		_isdigit       		CODE           	1FBE	0000	20

C:\Program Files\Microchip\xc8\v2.30\pic\sources\c90\common\isdigit.c estimated size: 20

C:\Program Files\Microchip\xc8\v2.30\pic\sources\c90\common\Umul8.c
		___bmul        		CODE           	1FD2	0000	23

C:\Program Files\Microchip\xc8\v2.30\pic\sources\c90\common\Umul8.c estimated size: 23

C:\Program Files\Microchip\xc8\v2.30\pic\sources\c90\common\fttol.c
		___fttol       		CODE           	1357	0000	140

C:\Program Files\Microchip\xc8\v2.30\pic\sources\c90\common\fttol.c estimated size: 140

C:\Program Files\Microchip\xc8\v2.30\pic\sources\c90\common\doprnt.c
		_printf        		CODE           	0020	0000	1627

C:\Program Files\Microchip\xc8\v2.30\pic\sources\c90\common\doprnt.c estimated size: 1627

C:\Program Files\Microchip\xc8\v2.30\pic\sources\c90\common\awdiv.c
		___awdiv       		CODE           	1274	0000	105

C:\Program Files\Microchip\xc8\v2.30\pic\sources\c90\common\awdiv.c estimated size: 105

C:\Program Files\Microchip\xc8\v2.30\pic\sources\c90\common\ftadd.c
		___ftadd       		CODE           	0D1D	0000	310

C:\Program Files\Microchip\xc8\v2.30\pic\sources\c90\common\ftadd.c estimated size: 310

shared
		__stringtab    		STRCODE        	0700	0000	18
		_dpowers       		STRCODE        	071E	0000	10
		__initialization		CODE           	000F	0000	13
		_octpowers     		STRCODE        	0712	0000	12
		_hexpowers     		STRCODE        	0728	0000	8

shared estimated size: 61

C:\Program Files\Microchip\xc8\v2.30\pic\sources\c90\common\Umul16.c
		___wmul        		CODE           	1082	0000	39

C:\Program Files\Microchip\xc8\v2.30\pic\sources\c90\common\Umul16.c estimated size: 39

display.c
		_mostrarDatos  		CODE           	12DD	0000	122
		_putch         		CODE           	0943	0000	10
		_init_uart     		CODE           	1023	0000	28
		_mostrarConsigna		CODE           	1FE9	0000	23
		_mensajeBienvenida		CODE           	1F5D	0000	12

display.c estimated size: 195

controlador3.c
		_Handler       		CODE           	13E3	0000	143
		_main          		CODE           	0C05	0000	280
		_init_timer0   		CODE           	1000	0000	11

controlador3.c estimated size: 434

sensores.c
		_set_up_Sensores		CODE           	10FC	0000	44
		_read_temperatura_exterior		CODE           	0AFB	0000	266
		_read_potenciometro		CODE           	1630	0000	229
		_get_intensidad_luminosa		CODE           	1F83	0000	13
		_get_tempObjetivo		CODE           	1128	0000	55
		_read_intensidad_lumninosa		CODE           	1472	0000	217
		_get_temperatura_interior		CODE           	1F69	0000	13
		_get_humedad   		CODE           	1F76	0000	13
		_get_temperatura_exterior		CODE           	1F90	0000	13
		_read_humedad  		CODE           	0A0F	0000	236
		_read_temperatura_interior		CODE           	1715	0000	235
		_get_lastPotenciometro		CODE           	1FAB	0000	19

sensores.c estimated size: 1353

C:\Program Files\Microchip\xc8\v2.30\pic\sources\c90\common\ftsub.c
		___ftsub       		CODE           	105D	0000	37

C:\Program Files\Microchip\xc8\v2.30\pic\sources\c90\common\ftsub.c estimated size: 37

C:\Program Files\Microchip\xc8\v2.30\pic\sources\c90\common\float.c
		___ftpack      		CODE           	067B	0000	126

C:\Program Files\Microchip\xc8\v2.30\pic\sources\c90\common\float.c estimated size: 126

