Microchip MPLAB XC8 Compiler V2.30

Linker command line:

-W-3 --edf=C:\Program Files\Microchip\xc8\v2.30\pic\dat\en_msgs.txt -cn \
  -h+dist/default/production\HornoGrupo8.X.production.sym \
  --cmf=dist/default/production\HornoGrupo8.X.production.cmf -z -Q16F886 \
  -oC:\Users\CARLOS~1\AppData\Local\Temp\s6osx2 --defsym=__MPLAB_BUILD=1 \
  -Mdist/default/production/HornoGrupo8.X.production.map -E1 \
  -ver=XC8 Compiler -ASTACK=0110h-016Fh -pstack=STACK -ACODE=00h-07FFhx4 \
  -ASTRCODE=00h-01FFFh -ASTRING=00h-0FFhx32 -ACONST=00h-0FFhx32 \
  -AENTRY=00h-0FFhx32 -ACOMMON=070h-07Fh -ABANK0=020h-06Fh \
  -ABANK1=0A0h-0EFh -ABANK2=0110h-016Fh -ABANK3=0190h-01EFh \
  -ARAM=020h-06Fh,0A0h-0EFh,0110h-016Fh,0190h-01EFh \
  -AABS1=020h-07Fh,0A0h-0EFh,0110h-016Fh,0190h-01EFh -ASFR0=00h-01Fh \
  -ASFR1=080h-09Fh -ASFR2=0100h-010Fh -ASFR3=0180h-018Fh \
  -ACONFIG=02007h-02008h -DCONFIG=2 -AIDLOC=02000h-02003h -DIDLOC=2 \
  -AEEDATA=00h-0FFh/02100h -peeprom_data=EEDATA -DEEDATA=2 -DCODE=2 \
  -DSTRCODE=2 -DSTRING=2 -DCONST=2 -DENTRY=2 \
  -preset_vec=00h,intentry=04h,init,end_init -ppowerup=CODE -pcinit=CODE \
  -pfunctab=ENTRY -k C:\Users\CARLOS~1\AppData\Local\Temp\s6osxi.o \
  dist/default/production\HornoGrupo8.X.production.o 

Object code version is 3.11

Machine type is 16F886



                Name                               Link     Load   Length Selector   Space Scale
C:\Users\CARLOS~1\AppData\Local\Temp\s6osxi.o
                end_init                              C        C        3        8       0
                reset_vec                             0        0        3        0       0
                config                             2007     2007        2        0       4
dist/default/production\HornoGrupo8.X.production.o
                cinit                                 F        F       11        8       0
                intentry                              4        4        8        8       0
                config                             2007     2007        2        0       4
                text41                             173E     173E       59     2E7C       0
                text40                              9AE      9AE       8E     135C       0
                text39                             14DB     14DB        B     29B6       0
                text38                             158E     158E       1C     2B1C       0
                text37                              8A4      8A4       7E     1148       0
                text36                             15F6     15F6       29     2BEC       0
                text35                               20       20       C2        8       0
                text34                             1682     1682       3A     2D04       0
                text33                              B1D      B1D       E5     163A       0
                text32                              922      922       8C     1244       0
                text31                             154C     154C       13     2A98       0
                text30                             1797     1797       69     2F2E       0
                text29                             164B     164B       37     2C96       0
                text28                             150A     150A        D     2A14       0
                text27                             16F8     16F8       46     2DF0       0
                text26                             16BC     16BC       3C     2D78       0
                text25                             14D1     14D1        A     29A2       0
                text24                              5E8      5E8      12E      60A       0
                text23                             14E6     14E6        C     29CC       0
                text22                             14F2     14F2        C     29E4       0
                text21                             15CF     15CF       27     2B9E       0
                text20                              800      800       2A     1000       0
                text19                              305      305      1AD      60A       0
                text18                             14FE     14FE        C     29FC       0
                text17                             155F     155F       17     2ABE       0
                text16                             1517     1517        D     2A2E       0
                text15                             1524     1524        D     2A48       0
                text14                             1531     1531        D     2A62       0
                text13                               E2       E2       1E        8       0
                text12                              82A      82A       7A     1054       0
                text11                              4B2      4B2      136      60A       0
                text10                              C02      C02       EC     1804       0
                text9                               CEE      CEE       F0     19DC       0
                text8                               716      716       E5      60A       0
                text7                              15AA     15AA       25     2B54       0
                text6                               DDE      DDE      10A     1BBC       0
                text5                               A3C      A3C       E1     1478       0
                text4                              14C8     14C8        9     2990       0
                text3                              153E     153E        E     2A7C       0
                text2                              1576     1576       18     2AEC       0
                text1                              161F     161F       2C     2C3E       0
                maintext                            EE8      EE8      118     1DD0       0
                cstackBANK0                          20       20       4F       20       1
                cstackCOMMON                         70       70        A       70       1
                cstackBANK1                          C2       C2       1C       A0       1
                clrtext                            14C0     14C0        8     2980       0
                bssBANK1                             A0       A0       22       A0       1
                bssCOMMON                            7A       7A        4       70       1
                stringtext                          100      100      205        2       0

TOTAL           Name                               Link     Load   Length     Space
        CLASS   STACK          

        CLASS   CODE           
                end_init                              C        C        3         0
                cinit                                 F        F       11         0
                intentry                              4        4        8         0
                reset_vec                             0        0        3         0
                text41                             173E     173E       59         0
                text40                              9AE      9AE       8E         0
                text39                             14DB     14DB        B         0
                text38                             158E     158E       1C         0
                text37                              8A4      8A4       7E         0
                text36                             15F6     15F6       29         0
                text35                               20       20       C2         0
                text34                             1682     1682       3A         0
                text33                              B1D      B1D       E5         0
                text32                              922      922       8C         0
                text31                             154C     154C       13         0
                text30                             1797     1797       69         0
                text29                             164B     164B       37         0
                text28                             150A     150A        D         0
                text27                             16F8     16F8       46         0
                text26                             16BC     16BC       3C         0
                text25                             14D1     14D1        A         0
                text24                              5E8      5E8      12E         0
                text23                             14E6     14E6        C         0
                text22                             14F2     14F2        C         0
                text21                             15CF     15CF       27         0
                text20                              800      800       2A         0
                text19                              305      305      1AD         0
                text18                             14FE     14FE        C         0
                text17                             155F     155F       17         0
                text16                             1517     1517        D         0
                text15                             1524     1524        D         0
                text14                             1531     1531        D         0
                text13                               E2       E2       1E         0
                text12                              82A      82A       7A         0
                text11                              4B2      4B2      136         0
                text10                              C02      C02       EC         0
                text9                               CEE      CEE       F0         0
                text8                               716      716       E5         0
                text7                              15AA     15AA       25         0
                text6                               DDE      DDE      10A         0
                text5                               A3C      A3C       E1         0
                text4                              14C8     14C8        9         0
                text3                              153E     153E        E         0
                text2                              1576     1576       18         0
                text1                              161F     161F       2C         0
                maintext                            EE8      EE8      118         0
                clrtext                            14C0     14C0        8         0

        CLASS   STRCODE        
                stringtext                          100      100      205         0

        CLASS   STRING         

        CLASS   CONST          

        CLASS   ENTRY          

        CLASS   COMMON         
                cstackCOMMON                         70       70        A         1
                bssCOMMON                            7A       7A        4         1

        CLASS   BANK0          
                cstackBANK0                          20       20       4F         1

        CLASS   BANK1          
                cstackBANK1                          C2       C2       1C         1
                bssBANK1                             A0       A0       22         1

        CLASS   BANK2          

        CLASS   BANK3          

        CLASS   RAM            

        CLASS   ABS1           
                abs_s1                               7E       7E        2         1

        CLASS   SFR0           

        CLASS   SFR1           

        CLASS   SFR2           

        CLASS   SFR3           

        CLASS   CONFIG         
                config                             2007     2007        2         4

        CLASS   IDLOC          

        CLASS   EEDATA         



SEGMENTS        Name                           Load    Length   Top    Selector   Space  Class     Delta

                reset_vec                      000000  000003  000003         0       0  CODE        2
                intentry                       000004  0000FC  000100         8       0  CODE        2
                cstackBANK0                    000020  00004F  00006F        20       1  BANK0       1
                cstackCOMMON                   000070  00000E  00007E        70       1  COMMON      1
                bssBANK1                       0000A0  00003E  0000DE        A0       1  BANK1       1
                stringtext                     000100  000205  000305         2       0  STRCODE     2
                text19                         000305  0004F6  0007FB       60A       0  CODE        2
                text20                         000800  00002A  00082A      1000       0  CODE        2
                text12                         00082A  00007A  0008A4      1054       0  CODE        2
                text37                         0008A4  00007E  000922      1148       0  CODE        2
                text32                         000922  00008C  0009AE      1244       0  CODE        2
                text40                         0009AE  00008E  000A3C      135C       0  CODE        2
                text5                          000A3C  0000E1  000B1D      1478       0  CODE        2
                text33                         000B1D  0000E5  000C02      163A       0  CODE        2
                text10                         000C02  0000EC  000CEE      1804       0  CODE        2
                text9                          000CEE  0000F0  000DDE      19DC       0  CODE        2
                text6                          000DDE  00010A  000EE8      1BBC       0  CODE        2
                maintext                       000EE8  000118  001000      1DD0       0  CODE        2
                clrtext                        0014C0  000008  0014C8      2980       0  CODE        2
                text4                          0014C8  000009  0014D1      2990       0  CODE        2
                text25                         0014D1  00000A  0014DB      29A2       0  CODE        2
                text39                         0014DB  00000B  0014E6      29B6       0  CODE        2
                text23                         0014E6  00000C  0014F2      29CC       0  CODE        2
                text22                         0014F2  00000C  0014FE      29E4       0  CODE        2
                text18                         0014FE  00000C  00150A      29FC       0  CODE        2
                text28                         00150A  00000D  001517      2A14       0  CODE        2
                text16                         001517  00000D  001524      2A2E       0  CODE        2
                text15                         001524  00000D  001531      2A48       0  CODE        2
                text14                         001531  00000D  00153E      2A62       0  CODE        2
                text3                          00153E  00000E  00154C      2A7C       0  CODE        2
                text31                         00154C  000013  00155F      2A98       0  CODE        2
                text17                         00155F  000017  001576      2ABE       0  CODE        2
                text2                          001576  000018  00158E      2AEC       0  CODE        2
                text38                         00158E  00001C  0015AA      2B1C       0  CODE        2
                text7                          0015AA  000025  0015CF      2B54       0  CODE        2
                text21                         0015CF  000027  0015F6      2B9E       0  CODE        2
                text36                         0015F6  000029  00161F      2BEC       0  CODE        2
                text1                          00161F  00002C  00164B      2C3E       0  CODE        2
                text29                         00164B  000037  001682      2C96       0  CODE        2
                text34                         001682  00003A  0016BC      2D04       0  CODE        2
                text26                         0016BC  00003C  0016F8      2D78       0  CODE        2
                text27                         0016F8  000046  00173E      2DF0       0  CODE        2
                text41                         00173E  000059  001797      2E7C       0  CODE        2
                text30                         001797  000069  001800      2F2E       0  CODE        2


UNUSED ADDRESS RANGES

        Name                Unused          Largest block    Delta
        BANK0            006F-006F              1           1
        BANK1            00DE-00EF             12           1
        BANK2            0110-016F             60           1
        BANK3            0190-01EF             60           1
        CODE             0003-0003              1           2
                         07FB-07FF              5
                         1000-14BF            4C0
                         1800-1FFF            800
        CONST            0003-0003              1           2
                         07FB-07FF              5
                         1000-14BF            100
                         1800-1FFF            100
        EEDATA           2100-21FF            100           2
        ENTRY            0003-0003              1           2
                         07FB-07FF              5
                         1000-14BF            100
                         1800-1FFF            100
        IDLOC            2000-2003              4           2
        RAM              006F-006F              1           1
                         00DE-00EF             12
                         0110-016F             60
                         0190-01EF             60
        SFR0             0000-001F             20           1
        SFR1             0080-009F             20           1
        SFR2             0100-010F             10           1
        SFR3             0180-018F             10           1
        STACK            0110-016F             60           1
        STRCODE          0003-0003              1           2
                         07FB-07FF              5
                         1000-14BF            4C0
                         1800-1FFF            800
        STRING           0003-0003              1           2
                         07FB-07FF              5
                         1000-14BF            100
                         1800-1FFF            100

                                  Symbol Table

?___awdiv                           cstackBANK0  0026
?___awmod                           cstackCOMMON 0070
?___awtoft                          cstackBANK0  0028
?___ftadd                           cstackBANK0  002E
?___ftdiv                           cstackBANK0  003B
?___ftmul                           cstackBANK0  004B
?___ftpack                          cstackBANK0  0020
?___ftsub                           cstackBANK0  004B
?___fttol                           cstackBANK0  005B
?___lwdiv                           cstackBANK0  0020
?___lwmod                           cstackBANK0  0028
?___wmul                            cstackBANK0  0020
?_get_humedad                       cstackBANK0  0020
?_get_intensidad_luminosa           cstackBANK0  0020
?_get_lastPotenciometro             cstackBANK0  0020
?_get_tempObjetivo                  cstackBANK0  002F
?_get_temperatura_exterior          cstackBANK0  0020
?_get_temperatura_interior          cstackBANK0  0020
?_get_velocidad_ventilador          cstackBANK0  0069
?_printf                            cstackBANK0  006B
_ADCON0bits                         (abs)        001F
_ADCON1bits                         (abs)        009F
_ADCready                           bssBANK1     00B0
_ADRESH                             (abs)        001E
_ADRESL                             (abs)        009E
_ANSELHbits                         (abs)        0189
_BAUDCTLbits                        (abs)        0187
_CCP1CONbits                        (abs)        0017
_CCPR1L                             (abs)        0015
_Handler                            text40       09AE
_INTCONbits                         (abs)        000B
_OPTION_REGbits                     (abs)        0081
_OSCCON                             (abs)        008F
_PIE1bits                           (abs)        008C
_PIR1bits                           (abs)        000C
_PORTBbits                          (abs)        0006
_PORTCbits                          (abs)        0007
_PR2                                (abs)        0092
_RCSTAbits                          (abs)        0018
_SPBRG                              (abs)        0099
_SPBRGH                             (abs)        009A
_T2CONbits                          (abs)        0012
_TMR0                               (abs)        0001
_TRISBbits                          (abs)        0086
_TRISC                              (abs)        0087
_TRISCbits                          (abs)        0087
_TXIF                               (abs)        0064
_TXREG                              (abs)        0019
_TXSTAbits                          (abs)        0098
__Habs1                             abs1         0000
__Hbank0                            bank0        0000
__Hbank1                            bank1        0000
__Hbank2                            bank2        0000
__Hbank3                            bank3        0000
__HbssBANK1                         bssBANK1     0000
__HbssCOMMON                        bssCOMMON    0000
__Hcinit                            cinit        0020
__Hclrtext                          clrtext      0000
__Hcode                             code         0000
__Hcommon                           common       0000
__Hconfig                           config       2009
__HcstackBANK0                      cstackBANK0  0000
__HcstackBANK1                      cstackBANK1  0000
__HcstackCOMMON                     cstackCOMMON 0000
__Heeprom_data                      eeprom_data  0000
__Hend_init                         end_init     000F
__Hfunctab                          functab      0000
__Hinit                             init         000C
__Hintentry                         intentry     000C
__Hmaintext                         maintext     0000
__Hpowerup                          powerup      0000
__Hram                              ram          0000
__Hreset_vec                        reset_vec    0003
__Hsfr0                             sfr0         0000
__Hsfr1                             sfr1         0000
__Hsfr2                             sfr2         0000
__Hsfr3                             sfr3         0000
__Hspace_0                          (abs)        1800
__Hspace_1                          (abs)        00DE
__Hspace_2                          (abs)        0000
__Hspace_3                          (abs)        0000
__Hspace_4                          (abs)        4010
__Hstack                            stack        0000
__Hstrings                          strings      0000
__Hstringtext                       stringtext   0000
__Htext                             text         0000
__Labs1                             abs1         0000
__Lbank0                            bank0        0000
__Lbank1                            bank1        0000
__Lbank2                            bank2        0000
__Lbank3                            bank3        0000
__LbssBANK1                         bssBANK1     0000
__LbssCOMMON                        bssCOMMON    0000
__Lcinit                            cinit        000F
__Lclrtext                          clrtext      0000
__Lcode                             code         0000
__Lcommon                           common       0000
__Lconfig                           config       0000
__LcstackBANK0                      cstackBANK0  0000
__LcstackBANK1                      cstackBANK1  0000
__LcstackCOMMON                     cstackCOMMON 0000
__Leeprom_data                      eeprom_data  0000
__Lend_init                         end_init     000C
__Lfunctab                          functab      0000
__Linit                             init         000C
__Lintentry                         intentry     0004
__Lmaintext                         maintext     0000
__Lpowerup                          powerup      0000
__Lram                              ram          0000
__Lreset_vec                        reset_vec    0000
__Lsfr0                             sfr0         0000
__Lsfr1                             sfr1         0000
__Lsfr2                             sfr2         0000
__Lsfr3                             sfr3         0000
__Lspace_0                          (abs)        0000
__Lspace_1                          (abs)        0000
__Lspace_2                          (abs)        0000
__Lspace_3                          (abs)        0000
__Lspace_4                          (abs)        0000
__Lstack                            stack        0000
__Lstrings                          strings      0000
__Lstringtext                       stringtext   0000
__Ltext                             text         0000
__S0                                (abs)        1800
__S1                                (abs)        00DE
__S2                                (abs)        0000
__S3                                (abs)        0000
___awdiv                            text30       1797
___awdiv@counter                    cstackBANK0  002B
___awdiv@dividend                   cstackBANK0  0028
___awdiv@divisor                    cstackBANK0  0026
___awdiv@quotient                   cstackBANK0  002D
___awdiv@sign                       cstackBANK0  002C
___awmod                            text41       173E
___awmod@counter                    cstackCOMMON 0075
___awmod@dividend                   cstackCOMMON 0072
___awmod@divisor                    cstackCOMMON 0070
___awmod@sign                       cstackCOMMON 0076
___awtoft                           text36       15F6
___awtoft@c                         cstackBANK0  0028
___awtoft@sign                      cstackBANK0  002D
___ftadd                            text11       04B2
___ftadd@exp1                       cstackBANK0  003A
___ftadd@exp2                       cstackBANK0  0039
___ftadd@f1                         cstackBANK0  002E
___ftadd@f2                         cstackBANK0  0031
___ftadd@sign                       cstackBANK0  0038
___ftdiv                            text35       0020
___ftdiv@cntr                       cstackBANK0  0045
___ftdiv@exp                        cstackBANK0  0049
___ftdiv@f1                         cstackBANK0  003E
___ftdiv@f2                         cstackBANK0  003B
___ftdiv@f3                         cstackBANK0  0046
___ftdiv@sign                       cstackBANK0  004A
___ftge                             text34       1682
___ftge@ff1                         cstackBANK0  002E
___ftge@ff2                         cstackBANK0  0031
___ftmul                            text33       0B1D
___ftmul@cntr                       cstackBANK0  0059
___ftmul@exp                        cstackBANK0  0055
___ftmul@f1                         cstackBANK0  004B
___ftmul@f2                         cstackBANK0  004E
___ftmul@f3_as_product              cstackBANK0  0056
___ftmul@sign                       cstackBANK0  005A
___ftpack                           text37       08A4
___ftpack@arg                       cstackBANK0  0020
___ftpack@exp                       cstackBANK0  0023
___ftpack@sign                      cstackBANK0  0024
___ftsub                            text7        15AA
___ftsub@f1                         cstackBANK0  004E
___ftsub@f2                         cstackBANK0  004B
___fttol                            text32       0922
___fttol@exp1                       cstackBANK0  0068
___fttol@f1                         cstackBANK0  005B
___fttol@lval                       cstackBANK0  0064
___fttol@sign1                      cstackBANK0  0063
___int_sp                           stack        0000
___latbits                          (abs)        0002
___lwdiv                            text27       16F8
___lwdiv@counter                    cstackBANK0  0027
___lwdiv@dividend                   cstackBANK0  0022
___lwdiv@divisor                    cstackBANK0  0020
___lwdiv@quotient                   cstackBANK0  0025
___lwmod                            text26       16BC
___lwmod@counter                    cstackBANK0  002D
___lwmod@dividend                   cstackBANK0  002A
___lwmod@divisor                    cstackBANK0  0028
___sp                               stack        0000
___stackhi                          (abs)        0000
___stacklo                          (abs)        0000
___wmul                             text21       15CF
___wmul@multiplicand                cstackBANK0  0022
___wmul@multiplier                  cstackBANK0  0020
___wmul@product                     cstackBANK0  0024
__end_of_Handler                    text40       0A3C
__end_of___awdiv                    text30       1800
__end_of___awmod                    text41       1797
__end_of___awtoft                   text36       161F
__end_of___ftadd                    text11       05E8
__end_of___ftdiv                    text35       00E2
__end_of___ftge                     text34       16BC
__end_of___ftmul                    text33       0C02
__end_of___ftpack                   text37       0922
__end_of___ftsub                    text7        15CF
__end_of___fttol                    text32       09AE
__end_of___lwdiv                    text27       173E
__end_of___lwmod                    text26       16F8
__end_of___wmul                     text21       15F6
__end_of__initialization            cinit        001C
__end_of__stringtab                 stringtext   0112
__end_of_dpowers                    stringtext   011C
__end_of_get_humedad                text16       1524
__end_of_get_intensidad_luminosa    text15       1531
__end_of_get_lastPotenciometro      text31       155F
__end_of_get_tempObjetivo           text29       1682
__end_of_get_temperatura_exterior   text14       153E
__end_of_get_temperatura_interior   text28       1517
__end_of_get_velocidad_ventilador   text13       0100
__end_of_init_PWM_CCP1              text4        14D1
__end_of_init_timer0                text39       14E6
__end_of_init_timer2                text3        154C
__end_of_init_uart                  text38       15AA
__end_of_logica_Actuadores          text19       04B2
__end_of_main                       maintext     1000
__end_of_mensajeBienvenida          text18       150A
__end_of_mostrarConsigna            text17       1576
__end_of_mostrarDatos               text12       08A4
__end_of_printf                     text24       0716
__end_of_putch                      text25       14DB
__end_of_read_humedad               text10       0CEE
__end_of_read_intensidad_lumninosa  text9        0DDE
__end_of_read_potenciometro         text8        07FB
__end_of_read_temperatura_exterior  text6        0EE8
__end_of_read_temperatura_interior  text5        0B1D
__end_of_set_Calefactor             text23       14F2
__end_of_set_Refrigerador           text22       14FE
__end_of_set_Ventilador             text20       082A
__end_of_set_up_Actuadores          text2        158E
__end_of_set_up_Sensores            text1        164B
__initialization                    cinit        000F
__pbssBANK1                         bssBANK1     00A0
__pbssCOMMON                        bssCOMMON    007A
__pcstackBANK0                      cstackBANK0  0020
__pcstackBANK1                      cstackBANK1  00C2
__pcstackCOMMON                     cstackCOMMON 0070
__pintentry                         intentry     0004
__pmaintext                         maintext     0EE8
__pstringtext                       stringtext   0100
__ptext1                            text1        161F
__ptext10                           text10       0C02
__ptext11                           text11       04B2
__ptext12                           text12       082A
__ptext13                           text13       00E2
__ptext14                           text14       1531
__ptext15                           text15       1524
__ptext16                           text16       1517
__ptext17                           text17       155F
__ptext18                           text18       14FE
__ptext19                           text19       0305
__ptext2                            text2        1576
__ptext20                           text20       0800
__ptext21                           text21       15CF
__ptext22                           text22       14F2
__ptext23                           text23       14E6
__ptext24                           text24       05E8
__ptext25                           text25       14D1
__ptext26                           text26       16BC
__ptext27                           text27       16F8
__ptext28                           text28       150A
__ptext29                           text29       164B
__ptext3                            text3        153E
__ptext30                           text30       1797
__ptext31                           text31       154C
__ptext32                           text32       0922
__ptext33                           text33       0B1D
__ptext34                           text34       1682
__ptext35                           text35       0020
__ptext36                           text36       15F6
__ptext37                           text37       08A4
__ptext38                           text38       158E
__ptext39                           text39       14DB
__ptext4                            text4        14C8
__ptext40                           text40       09AE
__ptext41                           text41       173E
__ptext5                            text5        0A3C
__ptext6                            text6        0DDE
__ptext7                            text7        15AA
__ptext8                            text8        0716
__ptext9                            text9        0CEE
__size_of_Handler                   (abs)        0000
__size_of___awdiv                   (abs)        0000
__size_of___awmod                   (abs)        0000
__size_of___awtoft                  (abs)        0000
__size_of___ftadd                   (abs)        0000
__size_of___ftdiv                   (abs)        0000
__size_of___ftge                    (abs)        0000
__size_of___ftmul                   (abs)        0000
__size_of___ftpack                  (abs)        0000
__size_of___ftsub                   (abs)        0000
__size_of___fttol                   (abs)        0000
__size_of___lwdiv                   (abs)        0000
__size_of___lwmod                   (abs)        0000
__size_of___wmul                    (abs)        0000
__size_of_get_humedad               (abs)        0000
__size_of_get_intensidad_luminosa   (abs)        0000
__size_of_get_lastPotenciometro     (abs)        0000
__size_of_get_tempObjetivo          (abs)        0000
__size_of_get_temperatura_exterior  (abs)        0000
__size_of_get_temperatura_interior  (abs)        0000
__size_of_get_velocidad_ventilador  (abs)        0000
__size_of_init_PWM_CCP1             (abs)        0000
__size_of_init_timer0               (abs)        0000
__size_of_init_timer2               (abs)        0000
__size_of_init_uart                 (abs)        0000
__size_of_logica_Actuadores         (abs)        0000
__size_of_main                      (abs)        0000
__size_of_mensajeBienvenida         (abs)        0000
__size_of_mostrarConsigna           (abs)        0000
__size_of_mostrarDatos              (abs)        0000
__size_of_printf                    (abs)        0000
__size_of_putch                     (abs)        0000
__size_of_read_humedad              (abs)        0000
__size_of_read_intensidad_lumninosa (abs)        0000
__size_of_read_potenciometro        (abs)        0000
__size_of_read_temperatura_exterior (abs)        0000
__size_of_read_temperatura_interior (abs)        0000
__size_of_set_Calefactor            (abs)        0000
__size_of_set_Refrigerador          (abs)        0000
__size_of_set_Ventilador            (abs)        0000
__size_of_set_up_Actuadores         (abs)        0000
__size_of_set_up_Sensores           (abs)        0000
__stringbase                        stringtext   0112
__stringtab                         stringtext   0100
_cont                               bssCOMMON    007A
_diferencia                         bssBANK1     00C0
_dpowers                            stringtext   0112
_errorMaximo                        bssBANK1     00A3
_estadoActual                       bssBANK1     00BF
_estadoInterrupcion                 bssBANK1     00BE
_get_humedad                        text16       1517
_get_intensidad_luminosa            text15       1524
_get_lastPotenciometro              text31       154C
_get_tempObjetivo                   text29       164B
_get_temperatura_exterior           text14       1531
_get_temperatura_interior           text28       150A
_get_velocidad_ventilador           text13       00E2
_humedad                            bssBANK1     00B8
_init_PWM_CCP1                      text4        14C8
_init_timer0                        text39       14DB
_init_timer2                        text3        153E
_init_uart                          text38       158E
_lastPotenciometro                  bssBANK1     00A9
_logica_Actuadores                  text19       0305
_lum                                bssBANK1     00B6
_main                               maintext     0EE8
_mensajeBienvenida                  text18       14FE
_mostrarConsigna                    text17       155F
_mostrarDatos                       text12       082A
_numeroLecturas                     bssBANK1     00B2
_printf                             text24       05E8
_putch                              text25       14D1
_read_humedad                       text10       0C02
_read_humedad$1407                  cstackBANK1  00D0
_read_intensidad_lumninosa          text9        0CEE
_read_intensidad_lumninosa$1408     cstackBANK1  00D0
_read_potenciometro                 text8        0716
_read_temperatura_exterior          text6        0DDE
_read_temperatura_exterior$1406     cstackBANK1  00D6
_read_temperatura_interior          text5        0A3C
_read_temperatura_interior$1405     cstackBANK1  00C5
_set_Calefactor                     text23       14E6
_set_Refrigerador                   text22       14F2
_set_Ventilador                     text20       0800
_set_up_Actuadores                  text2        1576
_set_up_Sensores                    text1        161F
_sumaLecturas                       bssBANK1     00B4
_tempInt                            bssBANK1     00AE
_tempObj                            bssBANK1     00AC
_tempObjetivo                       bssCOMMON    007C
_tempext                            bssBANK1     00BA
_tempint                            bssBANK1     00BC
_vent                               bssBANK1     00A6
btemp                               (abs)        007E
clear_ram0                          clrtext      14C0
end_of_initialization               cinit        001C
interrupt_function                  intentry     0004
intlevel0                           functab      0000
intlevel1                           functab      0000
intlevel2                           functab      0000
intlevel3                           functab      0000
intlevel4                           functab      0000
intlevel5                           functab      0000
printf@ap                           cstackBANK1  00C5
printf@c                            cstackBANK1  00CA
printf@f                            cstackBANK0  006B
printf@flag                         cstackBANK1  00C6
printf@prec                         cstackBANK1  00C7
printf@val                          cstackBANK1  00C8
putch@c                             cstackBANK0  0020
read_humedad@lectura                cstackBANK1  00D3
read_humedad@lecturaV               cstackBANK1  00CD
read_intensidad_lumninosa@lectura   cstackBANK1  00D3
read_intensidad_lumninosa@lecturaV  cstackBANK1  00CD
read_potenciometro@aux              cstackBANK1  00CD
read_potenciometro@lectura          cstackBANK1  00CF
read_potenciometro@lecturaV         cstackBANK1  00D1
read_temperatura_exterior@Tc        cstackBANK1  00D0
read_temperatura_exterior@V0        cstackBANK1  00CD
read_temperatura_exterior@lectura   cstackBANK1  00D9
read_temperatura_exterior@lecturaV  cstackBANK1  00D3
read_temperatura_interior@lectura   cstackBANK1  00C8
read_temperatura_interior@lecturaV  cstackBANK1  00C2
reset_vec                           reset_vec    0000
saved_w                             (abs)        007E
set_Calefactor@on                   cstackBANK0  0020
set_Refrigerador@on                 cstackBANK0  0020
set_Ventilador@intensidad           cstackBANK0  0069
start                               init         000C
start_initialization                cinit        000F
wtemp0                              (abs)        007E


FUNCTION INFORMATION:

 *************** function _main *****************
 Defined at:
		line 76 in file "controlador3.c"
 Parameters:    Size  Location     Type
		None
 Auto vars:     Size  Location     Type
		None
 Return value:  Size  Location     Type
                  1    wreg      void 
 Registers used:
		wreg, fsr0l, fsr0h, status,2, status,0, btemp+1, pclath, cstack
 Tracked objects:
		On entry : 
		On exit  : 
		Unchanged: 
 Data sizes:     COMMON   BANK0   BANK1   BANK3   BANK2
      Params:         0       0       0       0       0
      Locals:         0       0       0       0       0
      Temps:          0       0       3       0       0
      Totals:         0       0       3       0       0
Total ram usage:        3 bytes
 Hardware stack levels required when called:    6
 This function calls:
		_init_timer0
		_init_uart
		_logica_Actuadores
		_mensajeBienvenida
		_mostrarConsigna
		_mostrarDatos
		_printf
		_read_humedad
		_read_intensidad_lumninosa
		_read_potenciometro
		_read_temperatura_exterior
		_read_temperatura_interior
		_set_up_Actuadores
		_set_up_Sensores
 This function is called by:
		Startup code after reset
 This function uses a non-reentrant model


 *************** function _set_up_Sensores *****************
 Defined at:
		line 14 in file "sensores.c"
 Parameters:    Size  Location     Type
		None
 Auto vars:     Size  Location     Type
		None
 Return value:  Size  Location     Type
                  1    wreg      void 
 Registers used:
		wreg, status,2, status,0
 Tracked objects:
		On entry : 
		On exit  : 
		Unchanged: 
 Data sizes:     COMMON   BANK0   BANK1   BANK3   BANK2
      Params:         0       0       0       0       0
      Locals:         0       0       0       0       0
      Temps:          0       0       0       0       0
      Totals:         0       0       0       0       0
Total ram usage:        0 bytes
 Hardware stack levels used:    1
 Hardware stack levels required when called:    2
 This function calls:
		Nothing
 This function is called by:
		_main
 This function uses a non-reentrant model


 *************** function _set_up_Actuadores *****************
 Defined at:
		line 40 in file "actuadores.c"
 Parameters:    Size  Location     Type
		None
 Auto vars:     Size  Location     Type
		None
 Return value:  Size  Location     Type
                  1    wreg      void 
 Registers used:
		wreg, status,2, status,0, pclath, cstack
 Tracked objects:
		On entry : 
		On exit  : 
		Unchanged: 
 Data sizes:     COMMON   BANK0   BANK1   BANK3   BANK2
      Params:         0       0       0       0       0
      Locals:         0       0       0       0       0
      Temps:          0       0       0       0       0
      Totals:         0       0       0       0       0
Total ram usage:        0 bytes
 Hardware stack levels used:    1
 Hardware stack levels required when called:    3
 This function calls:
		_init_PWM_CCP1
		_init_timer2
 This function is called by:
		_main
 This function uses a non-reentrant model


 *************** function _init_timer2 *****************
 Defined at:
		line 33 in file "actuadores.c"
 Parameters:    Size  Location     Type
		None
 Auto vars:     Size  Location     Type
		None
 Return value:  Size  Location     Type
                  1    wreg      void 
 Registers used:
		wreg, status,2, status,0
 Tracked objects:
		On entry : 
		On exit  : 
		Unchanged: 
 Data sizes:     COMMON   BANK0   BANK1   BANK3   BANK2
      Params:         0       0       0       0       0
      Locals:         0       0       0       0       0
      Temps:          0       0       0       0       0
      Totals:         0       0       0       0       0
Total ram usage:        0 bytes
 Hardware stack levels used:    1
 Hardware stack levels required when called:    2
 This function calls:
		Nothing
 This function is called by:
		_set_up_Actuadores
 This function uses a non-reentrant model


 *************** function _init_PWM_CCP1 *****************
 Defined at:
		line 21 in file "actuadores.c"
 Parameters:    Size  Location     Type
		None
 Auto vars:     Size  Location     Type
		None
 Return value:  Size  Location     Type
                  1    wreg      void 
 Registers used:
		wreg, status,2, status,0
 Tracked objects:
		On entry : 
		On exit  : 
		Unchanged: 
 Data sizes:     COMMON   BANK0   BANK1   BANK3   BANK2
      Params:         0       0       0       0       0
      Locals:         0       0       0       0       0
      Temps:          0       0       0       0       0
      Totals:         0       0       0       0       0
Total ram usage:        0 bytes
 Hardware stack levels used:    1
 Hardware stack levels required when called:    2
 This function calls:
		Nothing
 This function is called by:
		_set_up_Actuadores
 This function uses a non-reentrant model


 *************** function _read_temperatura_interior *****************
 Defined at:
		line 50 in file "sensores.c"
 Parameters:    Size  Location     Type
		None
 Auto vars:     Size  Location     Type
  lecturaV        3    0[BANK1 ] float 
  lectura         2    6[BANK1 ] int 
 Return value:  Size  Location     Type
                  1    wreg      void 
 Registers used:
		wreg, status,2, status,0, btemp+1, pclath, cstack
 Tracked objects:
		On entry : 
		On exit  : 
		Unchanged: 
 Data sizes:     COMMON   BANK0   BANK1   BANK3   BANK2
      Params:         0       0       0       0       0
      Locals:         0       0       8       0       0
      Temps:          0       2       0       0       0
      Totals:         0       2       8       0       0
Total ram usage:       10 bytes
 Hardware stack levels used:    1
 Hardware stack levels required when called:    4
 This function calls:
		___awtoft
		___ftdiv
		___ftmul
		___fttol
		___wmul
 This function is called by:
		_main
 This function uses a non-reentrant model


 *************** function _read_temperatura_exterior *****************
 Defined at:
		line 76 in file "sensores.c"
 Parameters:    Size  Location     Type
		None
 Auto vars:     Size  Location     Type
  lecturaV        3   17[BANK1 ] float 
  Tc              3   14[BANK1 ] float 
  V0              3   11[BANK1 ] float 
  lectura         2   23[BANK1 ] int 
 Return value:  Size  Location     Type
                  1    wreg      void 
 Registers used:
		wreg, fsr0l, fsr0h, status,2, status,0, btemp+1, pclath, cstack
 Tracked objects:
		On entry : 
		On exit  : 
		Unchanged: 
 Data sizes:     COMMON   BANK0   BANK1   BANK3   BANK2
      Params:         0       0       0       0       0
      Locals:         0       0      14       0       0
      Temps:          0       0       2       0       0
      Totals:         0       0      16       0       0
Total ram usage:       16 bytes
 Hardware stack levels used:    1
 Hardware stack levels required when called:    5
 This function calls:
		___awtoft
		___ftdiv
		___ftsub
		___fttol
		___wmul
		_printf
 This function is called by:
		_main
 This function uses a non-reentrant model


 *************** function ___ftsub *****************
 Defined at:
		line 17 in file "C:\Program Files\Microchip\xc8\v2.30\pic\sources\c90\common\ftsub.c"
 Parameters:    Size  Location     Type
  f2              3   43[BANK0 ] float 
  f1              3   46[BANK0 ] float 
 Auto vars:     Size  Location     Type
		None
 Return value:  Size  Location     Type
                  3   43[BANK0 ] float 
 Registers used:
		wreg, status,2, status,0, pclath, cstack
 Tracked objects:
		On entry : 
		On exit  : 
		Unchanged: 
 Data sizes:     COMMON   BANK0   BANK1   BANK3   BANK2
      Params:         0       6       0       0       0
      Locals:         0       0       0       0       0
      Temps:          0       0       0       0       0
      Totals:         0       6       0       0       0
Total ram usage:        6 bytes
 Hardware stack levels used:    1
 Hardware stack levels required when called:    4
 This function calls:
		___ftadd
 This function is called by:
		_read_temperatura_exterior
 This function uses a non-reentrant model


 *************** function _read_potenciometro *****************
 Defined at:
		line 162 in file "sensores.c"
 Parameters:    Size  Location     Type
		None
 Auto vars:     Size  Location     Type
  lecturaV        3   15[BANK1 ] float 
  lectura         2   13[BANK1 ] int 
  aux             2   11[BANK1 ] int 
 Return value:  Size  Location     Type
                  1    wreg      void 
 Registers used:
		wreg, fsr0l, fsr0h, status,2, status,0, btemp+1, pclath, cstack
 Tracked objects:
		On entry : 
		On exit  : 
		Unchanged: 
 Data sizes:     COMMON   BANK0   BANK1   BANK3   BANK2
      Params:         0       0       0       0       0
      Locals:         0       0       7       0       0
      Temps:          0       0       2       0       0
      Totals:         0       0       9       0       0
Total ram usage:        9 bytes
 Hardware stack levels used:    1
 Hardware stack levels required when called:    4
 This function calls:
		___awtoft
		___ftdiv
		___ftmul
		___fttol
		___wmul
		_get_tempObjetivo
		_printf
 This function is called by:
		_main
 This function uses a non-reentrant model


 *************** function _read_intensidad_lumninosa *****************
 Defined at:
		line 134 in file "sensores.c"
 Parameters:    Size  Location     Type
		None
 Auto vars:     Size  Location     Type
  lecturaV        3   11[BANK1 ] float 
  lectura         2   17[BANK1 ] int 
 Return value:  Size  Location     Type
                  1    wreg      void 
 Registers used:
		wreg, fsr0l, fsr0h, status,2, status,0, btemp+1, pclath, cstack
 Tracked objects:
		On entry : 
		On exit  : 
		Unchanged: 
 Data sizes:     COMMON   BANK0   BANK1   BANK3   BANK2
      Params:         0       0       0       0       0
      Locals:         0       0       8       0       0
      Temps:          0       0       2       0       0
      Totals:         0       0      10       0       0
Total ram usage:       10 bytes
 Hardware stack levels used:    1
 Hardware stack levels required when called:    4
 This function calls:
		___awtoft
		___ftdiv
		___fttol
		___wmul
		_printf
 This function is called by:
		_main
 This function uses a non-reentrant model


 *************** function _read_humedad *****************
 Defined at:
		line 106 in file "sensores.c"
 Parameters:    Size  Location     Type
		None
 Auto vars:     Size  Location     Type
  lecturaV        3   11[BANK1 ] float 
  lectura         2   17[BANK1 ] int 
 Return value:  Size  Location     Type
                  1    wreg      void 
 Registers used:
		wreg, fsr0l, fsr0h, status,2, status,0, btemp+1, pclath, cstack
 Tracked objects:
		On entry : 
		On exit  : 
		Unchanged: 
 Data sizes:     COMMON   BANK0   BANK1   BANK3   BANK2
      Params:         0       0       0       0       0
      Locals:         0       0       8       0       0
      Temps:          0       0       2       0       0
      Totals:         0       0      10       0       0
Total ram usage:       10 bytes
 Hardware stack levels used:    1
 Hardware stack levels required when called:    4
 This function calls:
		___awtoft
		___ftadd
		___ftdiv
		___fttol
		___wmul
		_printf
 This function is called by:
		_main
 This function uses a non-reentrant model


 *************** function ___ftadd *****************
 Defined at:
		line 86 in file "C:\Program Files\Microchip\xc8\v2.30\pic\sources\c90\common\ftadd.c"
 Parameters:    Size  Location     Type
  f1              3   14[BANK0 ] float 
  f2              3   17[BANK0 ] float 
 Auto vars:     Size  Location     Type
  exp1            1   26[BANK0 ] unsigned char 
  exp2            1   25[BANK0 ] unsigned char 
  sign            1   24[BANK0 ] unsigned char 
 Return value:  Size  Location     Type
                  3   14[BANK0 ] float 
 Registers used:
		wreg, status,2, status,0, pclath, cstack
 Tracked objects:
		On entry : 
		On exit  : 
		Unchanged: 
 Data sizes:     COMMON   BANK0   BANK1   BANK3   BANK2
      Params:         0       6       0       0       0
      Locals:         0       3       0       0       0
      Temps:          0       4       0       0       0
      Totals:         0      13       0       0       0
Total ram usage:       13 bytes
 Hardware stack levels used:    1
 Hardware stack levels required when called:    3
 This function calls:
		___ftpack
 This function is called by:
		_read_humedad
		___ftsub
 This function uses a non-reentrant model


 *************** function _mostrarDatos *****************
 Defined at:
		line 52 in file "display.c"
 Parameters:    Size  Location     Type
		None
 Auto vars:     Size  Location     Type
		None
 Return value:  Size  Location     Type
                  1    wreg      void 
 Registers used:
		wreg, fsr0l, fsr0h, status,2, status,0, btemp+1, pclath, cstack
 Tracked objects:
		On entry : 
		On exit  : 
		Unchanged: 
 Data sizes:     COMMON   BANK0   BANK1   BANK3   BANK2
      Params:         0       0       0       0       0
      Locals:         0       0       0       0       0
      Temps:          0       0       0       0       0
      Totals:         0       0       0       0       0
Total ram usage:        0 bytes
 Hardware stack levels used:    1
 Hardware stack levels required when called:    4
 This function calls:
		_get_humedad
		_get_intensidad_luminosa
		_get_temperatura_exterior
		_get_temperatura_interior
		_get_velocidad_ventilador
		_printf
 This function is called by:
		_main
 This function uses a non-reentrant model


 *************** function _get_velocidad_ventilador *****************
 Defined at:
		line 111 in file "actuadores.c"
 Parameters:    Size  Location     Type
		None
 Auto vars:     Size  Location     Type
		None
 Return value:  Size  Location     Type
                  2   73[BANK0 ] int 
 Registers used:
		wreg, status,2, status,0, pclath, cstack
 Tracked objects:
		On entry : 
		On exit  : 
		Unchanged: 
 Data sizes:     COMMON   BANK0   BANK1   BANK3   BANK2
      Params:         0       2       0       0       0
      Locals:         0       0       0       0       0
      Temps:          0       0       0       0       0
      Totals:         0       2       0       0       0
Total ram usage:        2 bytes
 Hardware stack levels used:    1
 Hardware stack levels required when called:    3
 This function calls:
		___fttol
 This function is called by:
		_mostrarDatos
 This function uses a non-reentrant model


 *************** function _get_temperatura_exterior *****************
 Defined at:
		line 101 in file "sensores.c"
 Parameters:    Size  Location     Type
		None
 Auto vars:     Size  Location     Type
		None
 Return value:  Size  Location     Type
                  2    0[BANK0 ] int 
 Registers used:
		wreg
 Tracked objects:
		On entry : 
		On exit  : 
		Unchanged: 
 Data sizes:     COMMON   BANK0   BANK1   BANK3   BANK2
      Params:         0       2       0       0       0
      Locals:         0       0       0       0       0
      Temps:          0       0       0       0       0
      Totals:         0       2       0       0       0
Total ram usage:        2 bytes
 Hardware stack levels used:    1
 Hardware stack levels required when called:    2
 This function calls:
		Nothing
 This function is called by:
		_mostrarDatos
 This function uses a non-reentrant model


 *************** function _get_intensidad_luminosa *****************
 Defined at:
		line 157 in file "sensores.c"
 Parameters:    Size  Location     Type
		None
 Auto vars:     Size  Location     Type
		None
 Return value:  Size  Location     Type
                  2    0[BANK0 ] int 
 Registers used:
		wreg
 Tracked objects:
		On entry : 
		On exit  : 
		Unchanged: 
 Data sizes:     COMMON   BANK0   BANK1   BANK3   BANK2
      Params:         0       2       0       0       0
      Locals:         0       0       0       0       0
      Temps:          0       0       0       0       0
      Totals:         0       2       0       0       0
Total ram usage:        2 bytes
 Hardware stack levels used:    1
 Hardware stack levels required when called:    2
 This function calls:
		Nothing
 This function is called by:
		_mostrarDatos
 This function uses a non-reentrant model


 *************** function _get_humedad *****************
 Defined at:
		line 130 in file "sensores.c"
 Parameters:    Size  Location     Type
		None
 Auto vars:     Size  Location     Type
		None
 Return value:  Size  Location     Type
                  2    0[BANK0 ] int 
 Registers used:
		wreg
 Tracked objects:
		On entry : 
		On exit  : 
		Unchanged: 
 Data sizes:     COMMON   BANK0   BANK1   BANK3   BANK2
      Params:         0       2       0       0       0
      Locals:         0       0       0       0       0
      Temps:          0       0       0       0       0
      Totals:         0       2       0       0       0
Total ram usage:        2 bytes
 Hardware stack levels used:    1
 Hardware stack levels required when called:    2
 This function calls:
		Nothing
 This function is called by:
		_mostrarDatos
 This function uses a non-reentrant model


 *************** function _mostrarConsigna *****************
 Defined at:
		line 48 in file "display.c"
 Parameters:    Size  Location     Type
		None
 Auto vars:     Size  Location     Type
		None
 Return value:  Size  Location     Type
                  1    wreg      void 
 Registers used:
		wreg, fsr0l, fsr0h, status,2, status,0, btemp+1, pclath, cstack
 Tracked objects:
		On entry : 
		On exit  : 
		Unchanged: 
 Data sizes:     COMMON   BANK0   BANK1   BANK3   BANK2
      Params:         0       0       0       0       0
      Locals:         0       0       0       0       0
      Temps:          0       0       0       0       0
      Totals:         0       0       0       0       0
Total ram usage:        0 bytes
 Hardware stack levels used:    1
 Hardware stack levels required when called:    4
 This function calls:
		_get_tempObjetivo
		_printf
 This function is called by:
		_main
 This function uses a non-reentrant model


 *************** function _mensajeBienvenida *****************
 Defined at:
		line 44 in file "display.c"
 Parameters:    Size  Location     Type
		None
 Auto vars:     Size  Location     Type
		None
 Return value:  Size  Location     Type
                  1    wreg      void 
 Registers used:
		wreg, fsr0l, fsr0h, status,2, status,0, btemp+1, pclath, cstack
 Tracked objects:
		On entry : 
		On exit  : 
		Unchanged: 
 Data sizes:     COMMON   BANK0   BANK1   BANK3   BANK2
      Params:         0       0       0       0       0
      Locals:         0       0       0       0       0
      Temps:          0       0       0       0       0
      Totals:         0       0       0       0       0
Total ram usage:        0 bytes
 Hardware stack levels used:    1
 Hardware stack levels required when called:    4
 This function calls:
		_printf
 This function is called by:
		_main
 This function uses a non-reentrant model


 *************** function _logica_Actuadores *****************
 Defined at:
		line 78 in file "actuadores.c"
 Parameters:    Size  Location     Type
		None
 Auto vars:     Size  Location     Type
		None
 Return value:  Size  Location     Type
                  1    wreg      void 
 Registers used:
		wreg, fsr0l, fsr0h, status,2, status,0, btemp+1, pclath, cstack
 Tracked objects:
		On entry : 
		On exit  : 
		Unchanged: 
 Data sizes:     COMMON   BANK0   BANK1   BANK3   BANK2
      Params:         0       0       0       0       0
      Locals:         0       0       0       0       0
      Temps:          0       0       0       0       0
      Totals:         0       0       0       0       0
Total ram usage:        0 bytes
 Hardware stack levels used:    1
 Hardware stack levels required when called:    4
 This function calls:
		___awtoft
		___ftdiv
		___ftge
		___ftmul
		___fttol
		___wmul
		_get_lastPotenciometro
		_get_tempObjetivo
		_get_temperatura_interior
		_printf
		_set_Calefactor
		_set_Refrigerador
		_set_Ventilador
 This function is called by:
		_main
 This function uses a non-reentrant model


 *************** function _set_Ventilador *****************
 Defined at:
		line 72 in file "actuadores.c"
 Parameters:    Size  Location     Type
  intensidad      2   73[BANK0 ] int 
 Auto vars:     Size  Location     Type
		None
 Return value:  Size  Location     Type
                  1    wreg      void 
 Registers used:
		wreg, status,2, status,0, pclath, cstack
 Tracked objects:
		On entry : 
		On exit  : 
		Unchanged: 
 Data sizes:     COMMON   BANK0   BANK1   BANK3   BANK2
      Params:         0       2       0       0       0
      Locals:         0       0       0       0       0
      Temps:          0       2       0       0       0
      Totals:         0       4       0       0       0
Total ram usage:        4 bytes
 Hardware stack levels used:    1
 Hardware stack levels required when called:    3
 This function calls:
		___awdiv
		___wmul
 This function is called by:
		_logica_Actuadores
 This function uses a non-reentrant model


 *************** function ___wmul *****************
 Defined at:
		line 15 in file "C:\Program Files\Microchip\xc8\v2.30\pic\sources\c90\common\Umul16.c"
 Parameters:    Size  Location     Type
  multiplier      2    0[BANK0 ] unsigned int 
  multiplicand    2    2[BANK0 ] unsigned int 
 Auto vars:     Size  Location     Type
  product         2    4[BANK0 ] unsigned int 
 Return value:  Size  Location     Type
                  2    0[BANK0 ] unsigned int 
 Registers used:
		wreg, status,2, status,0
 Tracked objects:
		On entry : 
		On exit  : 
		Unchanged: 
 Data sizes:     COMMON   BANK0   BANK1   BANK3   BANK2
      Params:         0       4       0       0       0
      Locals:         0       2       0       0       0
      Temps:          0       0       0       0       0
      Totals:         0       6       0       0       0
Total ram usage:        6 bytes
 Hardware stack levels used:    1
 Hardware stack levels required when called:    2
 This function calls:
		Nothing
 This function is called by:
		_read_temperatura_interior
		_read_temperatura_exterior
		_read_humedad
		_read_intensidad_lumninosa
		_read_potenciometro
		_set_Ventilador
		_logica_Actuadores
 This function uses a non-reentrant model


 *************** function _set_Refrigerador *****************
 Defined at:
		line 57 in file "actuadores.c"
 Parameters:    Size  Location     Type
  on              2    0[BANK0 ] int 
 Auto vars:     Size  Location     Type
		None
 Return value:  Size  Location     Type
                  1    wreg      void 
 Registers used:
		wreg, status,2, status,0
 Tracked objects:
		On entry : 
		On exit  : 
		Unchanged: 
 Data sizes:     COMMON   BANK0   BANK1   BANK3   BANK2
      Params:         0       2       0       0       0
      Locals:         0       0       0       0       0
      Temps:          0       0       0       0       0
      Totals:         0       2       0       0       0
Total ram usage:        2 bytes
 Hardware stack levels used:    1
 Hardware stack levels required when called:    2
 This function calls:
		Nothing
 This function is called by:
		_logica_Actuadores
 This function uses a non-reentrant model


 *************** function _set_Calefactor *****************
 Defined at:
		line 65 in file "actuadores.c"
 Parameters:    Size  Location     Type
  on              2    0[BANK0 ] int 
 Auto vars:     Size  Location     Type
		None
 Return value:  Size  Location     Type
                  1    wreg      void 
 Registers used:
		wreg, status,2, status,0
 Tracked objects:
		On entry : 
		On exit  : 
		Unchanged: 
 Data sizes:     COMMON   BANK0   BANK1   BANK3   BANK2
      Params:         0       2       0       0       0
      Locals:         0       0       0       0       0
      Temps:          0       0       0       0       0
      Totals:         0       2       0       0       0
Total ram usage:        2 bytes
 Hardware stack levels used:    1
 Hardware stack levels required when called:    2
 This function calls:
		Nothing
 This function is called by:
		_logica_Actuadores
 This function uses a non-reentrant model


 *************** function _printf *****************
 Defined at:
		line 477 in file "C:\Program Files\Microchip\xc8\v2.30\pic\sources\c90\common\doprnt.c"
 Parameters:    Size  Location     Type
  f               2   75[BANK0 ] PTR const unsigned char 
		 -> STR_18(35), STR_17(21), STR_16(28), STR_15(14), 
		 -> STR_14(18), STR_13(32), STR_12(28), STR_11(16), 
		 -> STR_10(28), STR_9(28), STR_8(11), STR_7(49), 
		 -> STR_6(65), STR_5(29), STR_4(19), STR_3(25), 
		 -> STR_2(15), STR_1(28), 
 Auto vars:     Size  Location     Type
  tmpval          4    0        struct .
  val             2    6[BANK1 ] unsigned int 
  cp              2    0        PTR const unsigned char 
  len             2    0        unsigned int 
  c               1    8[BANK1 ] unsigned char 
  prec            1    5[BANK1 ] char 
  flag            1    4[BANK1 ] unsigned char 
  ap              1    3[BANK1 ] PTR void [1]
		 -> ?_printf(2), 
 Return value:  Size  Location     Type
                  2   75[BANK0 ] int 
 Registers used:
		wreg, fsr0l, fsr0h, status,2, status,0, btemp+1, pclath, cstack
 Tracked objects:
		On entry : 
		On exit  : 
		Unchanged: 
 Data sizes:     COMMON   BANK0   BANK1   BANK3   BANK2
      Params:         0       4       0       0       0
      Locals:         0       0       6       0       0
      Temps:          0       0       3       0       0
      Totals:         0       4       9       0       0
Total ram usage:       13 bytes
 Hardware stack levels used:    1
 Hardware stack levels required when called:    3
 This function calls:
		___lwdiv
		___lwmod
		_putch
 This function is called by:
		_read_temperatura_exterior
		_read_humedad
		_read_intensidad_lumninosa
		_read_potenciometro
		_mensajeBienvenida
		_mostrarConsigna
		_mostrarDatos
		_logica_Actuadores
		_main
 This function uses a non-reentrant model


 *************** function _putch *****************
 Defined at:
		line 38 in file "display.c"
 Parameters:    Size  Location     Type
  c               1    wreg     unsigned char 
 Auto vars:     Size  Location     Type
  c               1    0[BANK0 ] unsigned char 
 Return value:  Size  Location     Type
                  1    wreg      void 
 Registers used:
		wreg
 Tracked objects:
		On entry : 
		On exit  : 
		Unchanged: 
 Data sizes:     COMMON   BANK0   BANK1   BANK3   BANK2
      Params:         0       0       0       0       0
      Locals:         0       1       0       0       0
      Temps:          0       0       0       0       0
      Totals:         0       1       0       0       0
Total ram usage:        1 bytes
 Hardware stack levels used:    1
 Hardware stack levels required when called:    2
 This function calls:
		Nothing
 This function is called by:
		_printf
 This function uses a non-reentrant model


 *************** function ___lwmod *****************
 Defined at:
		line 5 in file "C:\Program Files\Microchip\xc8\v2.30\pic\sources\c90\common\lwmod.c"
 Parameters:    Size  Location     Type
  divisor         2    8[BANK0 ] unsigned int 
  dividend        2   10[BANK0 ] unsigned int 
 Auto vars:     Size  Location     Type
  counter         1   13[BANK0 ] unsigned char 
 Return value:  Size  Location     Type
                  2    8[BANK0 ] unsigned int 
 Registers used:
		wreg, status,2, status,0
 Tracked objects:
		On entry : 
		On exit  : 
		Unchanged: 
 Data sizes:     COMMON   BANK0   BANK1   BANK3   BANK2
      Params:         0       4       0       0       0
      Locals:         0       1       0       0       0
      Temps:          0       1       0       0       0
      Totals:         0       6       0       0       0
Total ram usage:        6 bytes
 Hardware stack levels used:    1
 Hardware stack levels required when called:    2
 This function calls:
		Nothing
 This function is called by:
		_printf
 This function uses a non-reentrant model


 *************** function ___lwdiv *****************
 Defined at:
		line 5 in file "C:\Program Files\Microchip\xc8\v2.30\pic\sources\c90\common\lwdiv.c"
 Parameters:    Size  Location     Type
  divisor         2    0[BANK0 ] unsigned int 
  dividend        2    2[BANK0 ] unsigned int 
 Auto vars:     Size  Location     Type
  quotient        2    5[BANK0 ] unsigned int 
  counter         1    7[BANK0 ] unsigned char 
 Return value:  Size  Location     Type
                  2    0[BANK0 ] unsigned int 
 Registers used:
		wreg, status,2, status,0
 Tracked objects:
		On entry : 
		On exit  : 
		Unchanged: 
 Data sizes:     COMMON   BANK0   BANK1   BANK3   BANK2
      Params:         0       4       0       0       0
      Locals:         0       3       0       0       0
      Temps:          0       1       0       0       0
      Totals:         0       8       0       0       0
Total ram usage:        8 bytes
 Hardware stack levels used:    1
 Hardware stack levels required when called:    2
 This function calls:
		Nothing
 This function is called by:
		_printf
 This function uses a non-reentrant model


 *************** function _get_temperatura_interior *****************
 Defined at:
		line 71 in file "sensores.c"
 Parameters:    Size  Location     Type
		None
 Auto vars:     Size  Location     Type
		None
 Return value:  Size  Location     Type
                  2    0[BANK0 ] int 
 Registers used:
		wreg
 Tracked objects:
		On entry : 
		On exit  : 
		Unchanged: 
 Data sizes:     COMMON   BANK0   BANK1   BANK3   BANK2
      Params:         0       2       0       0       0
      Locals:         0       0       0       0       0
      Temps:          0       0       0       0       0
      Totals:         0       2       0       0       0
Total ram usage:        2 bytes
 Hardware stack levels used:    1
 Hardware stack levels required when called:    2
 This function calls:
		Nothing
 This function is called by:
		_mostrarDatos
		_logica_Actuadores
 This function uses a non-reentrant model


 *************** function _get_tempObjetivo *****************
 Defined at:
		line 187 in file "sensores.c"
 Parameters:    Size  Location     Type
		None
 Auto vars:     Size  Location     Type
		None
 Return value:  Size  Location     Type
                  2   15[BANK0 ] int 
 Registers used:
		wreg, status,2, status,0, pclath, cstack
 Tracked objects:
		On entry : 
		On exit  : 
		Unchanged: 
 Data sizes:     COMMON   BANK0   BANK1   BANK3   BANK2
      Params:         0       2       0       0       0
      Locals:         0       0       0       0       0
      Temps:          0       0       0       0       0
      Totals:         0       2       0       0       0
Total ram usage:        2 bytes
 Hardware stack levels used:    1
 Hardware stack levels required when called:    3
 This function calls:
		___awdiv
 This function is called by:
		_read_potenciometro
		_mostrarConsigna
		_logica_Actuadores
 This function uses a non-reentrant model


 *************** function ___awdiv *****************
 Defined at:
		line 5 in file "C:\Program Files\Microchip\xc8\v2.30\pic\sources\c90\common\awdiv.c"
 Parameters:    Size  Location     Type
  divisor         2    6[BANK0 ] int 
  dividend        2    8[BANK0 ] int 
 Auto vars:     Size  Location     Type
  quotient        2   13[BANK0 ] int 
  sign            1   12[BANK0 ] unsigned char 
  counter         1   11[BANK0 ] unsigned char 
 Return value:  Size  Location     Type
                  2    6[BANK0 ] int 
 Registers used:
		wreg, status,2, status,0
 Tracked objects:
		On entry : 
		On exit  : 
		Unchanged: 
 Data sizes:     COMMON   BANK0   BANK1   BANK3   BANK2
      Params:         0       4       0       0       0
      Locals:         0       4       0       0       0
      Temps:          0       1       0       0       0
      Totals:         0       9       0       0       0
Total ram usage:        9 bytes
 Hardware stack levels used:    1
 Hardware stack levels required when called:    2
 This function calls:
		Nothing
 This function is called by:
		_get_tempObjetivo
		_set_Ventilador
 This function uses a non-reentrant model


 *************** function _get_lastPotenciometro *****************
 Defined at:
		line 197 in file "sensores.c"
 Parameters:    Size  Location     Type
		None
 Auto vars:     Size  Location     Type
		None
 Return value:  Size  Location     Type
                  3    0[BANK0 ] float 
 Registers used:
		wreg
 Tracked objects:
		On entry : 
		On exit  : 
		Unchanged: 
 Data sizes:     COMMON   BANK0   BANK1   BANK3   BANK2
      Params:         0       3       0       0       0
      Locals:         0       0       0       0       0
      Temps:          0       0       0       0       0
      Totals:         0       3       0       0       0
Total ram usage:        3 bytes
 Hardware stack levels used:    1
 Hardware stack levels required when called:    2
 This function calls:
		Nothing
 This function is called by:
		_logica_Actuadores
 This function uses a non-reentrant model


 *************** function ___fttol *****************
 Defined at:
		line 44 in file "C:\Program Files\Microchip\xc8\v2.30\pic\sources\c90\common\fttol.c"
 Parameters:    Size  Location     Type
  f1              3   59[BANK0 ] float 
 Auto vars:     Size  Location     Type
  lval            4   68[BANK0 ] unsigned long 
  exp1            1   72[BANK0 ] unsigned char 
  sign1           1   67[BANK0 ] unsigned char 
 Return value:  Size  Location     Type
                  4   59[BANK0 ] long 
 Registers used:
		wreg, status,2, status,0
 Tracked objects:
		On entry : 
		On exit  : 
		Unchanged: 
 Data sizes:     COMMON   BANK0   BANK1   BANK3   BANK2
      Params:         0       4       0       0       0
      Locals:         0       6       0       0       0
      Temps:          0       4       0       0       0
      Totals:         0      14       0       0       0
Total ram usage:       14 bytes
 Hardware stack levels used:    1
 Hardware stack levels required when called:    2
 This function calls:
		Nothing
 This function is called by:
		_read_temperatura_interior
		_read_temperatura_exterior
		_read_humedad
		_read_intensidad_lumninosa
		_read_potenciometro
		_logica_Actuadores
		_get_velocidad_ventilador
 This function uses a non-reentrant model


 *************** function ___ftmul *****************
 Defined at:
		line 62 in file "C:\Program Files\Microchip\xc8\v2.30\pic\sources\c90\common\ftmul.c"
 Parameters:    Size  Location     Type
  f1              3   43[BANK0 ] float 
  f2              3   46[BANK0 ] float 
 Auto vars:     Size  Location     Type
  f3_as_produc    3   54[BANK0 ] unsigned um
  sign            1   58[BANK0 ] unsigned char 
  cntr            1   57[BANK0 ] unsigned char 
  exp             1   53[BANK0 ] unsigned char 
 Return value:  Size  Location     Type
                  3   43[BANK0 ] float 
 Registers used:
		wreg, status,2, status,0, pclath, cstack
 Tracked objects:
		On entry : 
		On exit  : 
		Unchanged: 
 Data sizes:     COMMON   BANK0   BANK1   BANK3   BANK2
      Params:         0       6       0       0       0
      Locals:         0       6       0       0       0
      Temps:          0       4       0       0       0
      Totals:         0      16       0       0       0
Total ram usage:       16 bytes
 Hardware stack levels used:    1
 Hardware stack levels required when called:    3
 This function calls:
		___ftpack
 This function is called by:
		_read_temperatura_interior
		_read_potenciometro
		_logica_Actuadores
 This function uses a non-reentrant model


 *************** function ___ftge *****************
 Defined at:
		line 4 in file "C:\Program Files\Microchip\xc8\v2.30\pic\sources\c90\common\ftge.c"
 Parameters:    Size  Location     Type
  ff1             3   14[BANK0 ] float 
  ff2             3   17[BANK0 ] float 
 Auto vars:     Size  Location     Type
		None
 Return value:  Size  Location     Type
		None               void
 Registers used:
		wreg, status,2, status,0
 Tracked objects:
		On entry : 
		On exit  : 
		Unchanged: 
 Data sizes:     COMMON   BANK0   BANK1   BANK3   BANK2
      Params:         0       6       0       0       0
      Locals:         0       0       0       0       0
      Temps:          0       0       0       0       0
      Totals:         0       6       0       0       0
Total ram usage:        6 bytes
 Hardware stack levels used:    1
 Hardware stack levels required when called:    2
 This function calls:
		Nothing
 This function is called by:
		_logica_Actuadores
 This function uses a non-reentrant model


 *************** function ___ftdiv *****************
 Defined at:
		line 56 in file "C:\Program Files\Microchip\xc8\v2.30\pic\sources\c90\common\ftdiv.c"
 Parameters:    Size  Location     Type
  f2              3   27[BANK0 ] float 
  f1              3   30[BANK0 ] float 
 Auto vars:     Size  Location     Type
  f3              3   38[BANK0 ] float 
  sign            1   42[BANK0 ] unsigned char 
  exp             1   41[BANK0 ] unsigned char 
  cntr            1   37[BANK0 ] unsigned char 
 Return value:  Size  Location     Type
                  3   27[BANK0 ] float 
 Registers used:
		wreg, status,2, status,0, pclath, cstack
 Tracked objects:
		On entry : 
		On exit  : 
		Unchanged: 
 Data sizes:     COMMON   BANK0   BANK1   BANK3   BANK2
      Params:         0       6       0       0       0
      Locals:         0       6       0       0       0
      Temps:          0       4       0       0       0
      Totals:         0      16       0       0       0
Total ram usage:       16 bytes
 Hardware stack levels used:    1
 Hardware stack levels required when called:    3
 This function calls:
		___ftpack
 This function is called by:
		_read_temperatura_interior
		_read_temperatura_exterior
		_read_humedad
		_read_intensidad_lumninosa
		_read_potenciometro
		_logica_Actuadores
 This function uses a non-reentrant model


 *************** function ___awtoft *****************
 Defined at:
		line 32 in file "C:\Program Files\Microchip\xc8\v2.30\pic\sources\c90\common\awtoft.c"
 Parameters:    Size  Location     Type
  c               2    8[BANK0 ] int 
 Auto vars:     Size  Location     Type
  sign            1   13[BANK0 ] unsigned char 
 Return value:  Size  Location     Type
                  3    8[BANK0 ] float 
 Registers used:
		wreg, status,2, status,0, pclath, cstack
 Tracked objects:
		On entry : 
		On exit  : 
		Unchanged: 
 Data sizes:     COMMON   BANK0   BANK1   BANK3   BANK2
      Params:         0       3       0       0       0
      Locals:         0       1       0       0       0
      Temps:          0       2       0       0       0
      Totals:         0       6       0       0       0
Total ram usage:        6 bytes
 Hardware stack levels used:    1
 Hardware stack levels required when called:    3
 This function calls:
		___ftpack
 This function is called by:
		_read_temperatura_interior
		_read_temperatura_exterior
		_read_humedad
		_read_intensidad_lumninosa
		_read_potenciometro
		_logica_Actuadores
 This function uses a non-reentrant model


 *************** function ___ftpack *****************
 Defined at:
		line 62 in file "C:\Program Files\Microchip\xc8\v2.30\pic\sources\c90\common\float.c"
 Parameters:    Size  Location     Type
  arg             3    0[BANK0 ] unsigned um
  exp             1    3[BANK0 ] unsigned char 
  sign            1    4[BANK0 ] unsigned char 
 Auto vars:     Size  Location     Type
		None
 Return value:  Size  Location     Type
                  3    0[BANK0 ] float 
 Registers used:
		wreg, status,2, status,0
 Tracked objects:
		On entry : 
		On exit  : 
		Unchanged: 
 Data sizes:     COMMON   BANK0   BANK1   BANK3   BANK2
      Params:         0       5       0       0       0
      Locals:         0       0       0       0       0
      Temps:          0       3       0       0       0
      Totals:         0       8       0       0       0
Total ram usage:        8 bytes
 Hardware stack levels used:    1
 Hardware stack levels required when called:    2
 This function calls:
		Nothing
 This function is called by:
		___awtoft
		___ftadd
		___ftdiv
		___ftmul
 This function uses a non-reentrant model


 *************** function _init_uart *****************
 Defined at:
		line 14 in file "display.c"
 Parameters:    Size  Location     Type
		None
 Auto vars:     Size  Location     Type
		None
 Return value:  Size  Location     Type
                  1    wreg      void 
 Registers used:
		wreg, status,2
 Tracked objects:
		On entry : 
		On exit  : 
		Unchanged: 
 Data sizes:     COMMON   BANK0   BANK1   BANK3   BANK2
      Params:         0       0       0       0       0
      Locals:         0       0       0       0       0
      Temps:          0       0       0       0       0
      Totals:         0       0       0       0       0
Total ram usage:        0 bytes
 Hardware stack levels used:    1
 Hardware stack levels required when called:    2
 This function calls:
		Nothing
 This function is called by:
		_main
 This function uses a non-reentrant model


 *************** function _init_timer0 *****************
 Defined at:
		line 31 in file "controlador3.c"
 Parameters:    Size  Location     Type
		None
 Auto vars:     Size  Location     Type
		None
 Return value:  Size  Location     Type
                  1    wreg      void 
 Registers used:
		wreg, status,2, status,0
 Tracked objects:
		On entry : 
		On exit  : 
		Unchanged: 
 Data sizes:     COMMON   BANK0   BANK1   BANK3   BANK2
      Params:         0       0       0       0       0
      Locals:         0       0       0       0       0
      Temps:          0       0       0       0       0
      Totals:         0       0       0       0       0
Total ram usage:        0 bytes
 Hardware stack levels used:    1
 Hardware stack levels required when called:    2
 This function calls:
		Nothing
 This function is called by:
		_main
 This function uses a non-reentrant model


 *************** function _Handler *****************
 Defined at:
		line 46 in file "controlador3.c"
 Parameters:    Size  Location     Type
		None
 Auto vars:     Size  Location     Type
		None
 Return value:  Size  Location     Type
                  1    wreg      void 
 Registers used:
		wreg, status,2, status,0, pclath, cstack
 Tracked objects:
		On entry : 
		On exit  : 
		Unchanged: 
 Data sizes:     COMMON   BANK0   BANK1   BANK3   BANK2
      Params:         0       0       0       0       0
      Locals:         0       0       0       0       0
      Temps:          3       0       0       0       0
      Totals:         3       0       0       0       0
Total ram usage:        3 bytes
 Hardware stack levels used:    1
 Hardware stack levels required when called:    1
 This function calls:
		___awmod
 This function is called by:
		Interrupt level 1
 This function uses a non-reentrant model


 *************** function ___awmod *****************
 Defined at:
		line 5 in file "C:\Program Files\Microchip\xc8\v2.30\pic\sources\c90\common\awmod.c"
 Parameters:    Size  Location     Type
  divisor         2    0[COMMON] int 
  dividend        2    2[COMMON] int 
 Auto vars:     Size  Location     Type
  sign            1    6[COMMON] unsigned char 
  counter         1    5[COMMON] unsigned char 
 Return value:  Size  Location     Type
                  2    0[COMMON] int 
 Registers used:
		wreg, status,2, status,0
 Tracked objects:
		On entry : 
		On exit  : 
		Unchanged: 
 Data sizes:     COMMON   BANK0   BANK1   BANK3   BANK2
      Params:         4       0       0       0       0
      Locals:         2       0       0       0       0
      Temps:          1       0       0       0       0
      Totals:         7       0       0       0       0
Total ram usage:        7 bytes
 Hardware stack levels used:    1
 This function calls:
		Nothing
 This function is called by:
		_Handler
 This function uses a non-reentrant model



MODULE INFORMATION

Module		Function		Class		Link	Load	Size
C:\Program Files\Microchip\xc8\v2.30\pic\sources\c90\common\lwmod.c
		___lwmod       		CODE           	16BC	0000	60

C:\Program Files\Microchip\xc8\v2.30\pic\sources\c90\common\lwmod.c estimated size: 60

C:\Program Files\Microchip\xc8\v2.30\pic\sources\c90\common\ftge.c
		___ftge        		CODE           	1682	0000	58

C:\Program Files\Microchip\xc8\v2.30\pic\sources\c90\common\ftge.c estimated size: 58

actuadores.c
		_set_up_Actuadores		CODE           	1576	0000	24
		_set_Calefactor		CODE           	14E6	0000	12
		_set_Ventilador		CODE           	0800	0000	42
		_logica_Actuadores		CODE           	0305	0000	429
		_init_timer2   		CODE           	153E	0000	14
		_set_Refrigerador		CODE           	14F2	0000	12
		_init_PWM_CCP1 		CODE           	14C8	0000	9
		_get_velocidad_ventilador		CODE           	00E2	0000	30

actuadores.c estimated size: 572

C:\Program Files\Microchip\xc8\v2.30\pic\sources\c90\common\awtoft.c
		___awtoft      		CODE           	15F6	0000	41

C:\Program Files\Microchip\xc8\v2.30\pic\sources\c90\common\awtoft.c estimated size: 41

C:\Program Files\Microchip\xc8\v2.30\pic\sources\c90\common\ftmul.c
		___ftmul       		CODE           	0B1D	0000	229

C:\Program Files\Microchip\xc8\v2.30\pic\sources\c90\common\ftmul.c estimated size: 229

C:\Program Files\Microchip\xc8\v2.30\pic\sources\c90\common\awmod.c
		___awmod       		CODE           	173E	0000	89

C:\Program Files\Microchip\xc8\v2.30\pic\sources\c90\common\awmod.c estimated size: 89

C:\Program Files\Microchip\xc8\v2.30\pic\sources\c90\common\ftdiv.c
		___ftdiv       		CODE           	0020	0000	194

C:\Program Files\Microchip\xc8\v2.30\pic\sources\c90\common\ftdiv.c estimated size: 194

C:\Program Files\Microchip\xc8\v2.30\pic\sources\c90\common\lwdiv.c
		___lwdiv       		CODE           	16F8	0000	70

C:\Program Files\Microchip\xc8\v2.30\pic\sources\c90\common\lwdiv.c estimated size: 70

C:\Program Files\Microchip\xc8\v2.30\pic\sources\c90\common\fttol.c
		___fttol       		CODE           	0922	0000	140

C:\Program Files\Microchip\xc8\v2.30\pic\sources\c90\common\fttol.c estimated size: 140

C:\Program Files\Microchip\xc8\v2.30\pic\sources\c90\common\doprnt.c
		_printf        		CODE           	05E8	0000	302

C:\Program Files\Microchip\xc8\v2.30\pic\sources\c90\common\doprnt.c estimated size: 302

C:\Program Files\Microchip\xc8\v2.30\pic\sources\c90\common\awdiv.c
		___awdiv       		CODE           	1797	0000	105

C:\Program Files\Microchip\xc8\v2.30\pic\sources\c90\common\awdiv.c estimated size: 105

C:\Program Files\Microchip\xc8\v2.30\pic\sources\c90\common\ftadd.c
		___ftadd       		CODE           	04B2	0000	310

C:\Program Files\Microchip\xc8\v2.30\pic\sources\c90\common\ftadd.c estimated size: 310

shared
		__stringtab    		STRCODE        	0100	0000	18
		_dpowers       		STRCODE        	0112	0000	10
		__initialization		CODE           	000F	0000	13

shared estimated size: 41

C:\Program Files\Microchip\xc8\v2.30\pic\sources\c90\common\Umul16.c
		___wmul        		CODE           	15CF	0000	39

C:\Program Files\Microchip\xc8\v2.30\pic\sources\c90\common\Umul16.c estimated size: 39

display.c
		_mostrarDatos  		CODE           	082A	0000	122
		_putch         		CODE           	14D1	0000	10
		_init_uart     		CODE           	158E	0000	28
		_mostrarConsigna		CODE           	155F	0000	23
		_mensajeBienvenida		CODE           	14FE	0000	12

display.c estimated size: 195

controlador3.c
		_Handler       		CODE           	09AE	0000	142
		_main          		CODE           	0EE8	0000	280
		_init_timer0   		CODE           	14DB	0000	11

controlador3.c estimated size: 433

sensores.c
		_set_up_Sensores		CODE           	161F	0000	44
		_read_temperatura_exterior		CODE           	0DDE	0000	266
		_read_potenciometro		CODE           	0716	0000	229
		_get_intensidad_luminosa		CODE           	1524	0000	13
		_get_tempObjetivo		CODE           	164B	0000	55
		_read_intensidad_lumninosa		CODE           	0CEE	0000	240
		_get_temperatura_interior		CODE           	150A	0000	13
		_get_humedad   		CODE           	1517	0000	13
		_get_temperatura_exterior		CODE           	1531	0000	13
		_read_humedad  		CODE           	0C02	0000	236
		_read_temperatura_interior		CODE           	0A3C	0000	225
		_get_lastPotenciometro		CODE           	154C	0000	19

sensores.c estimated size: 1366

C:\Program Files\Microchip\xc8\v2.30\pic\sources\c90\common\ftsub.c
		___ftsub       		CODE           	15AA	0000	37

C:\Program Files\Microchip\xc8\v2.30\pic\sources\c90\common\ftsub.c estimated size: 37

C:\Program Files\Microchip\xc8\v2.30\pic\sources\c90\common\float.c
		___ftpack      		CODE           	08A4	0000	126

C:\Program Files\Microchip\xc8\v2.30\pic\sources\c90\common\float.c estimated size: 126

